Archive member included to satisfy reference by file (symbol)

c:/st/stm32cubeide_1.4.0/stm32cubeide/plugins/com.st.stm32cube.ide.mcu.externaltools.gnu-tools-for-stm32.7-2018-q2-update.win32_1.4.0.202007081208/tools/bin/../lib/gcc/arm-none-eabi/7.3.1/../../../../arm-none-eabi/lib/thumb/v7-m\libc_nano.a(lib_a-errno.o)
                              Core/Src/syscalls.o (__errno)
c:/st/stm32cubeide_1.4.0/stm32cubeide/plugins/com.st.stm32cube.ide.mcu.externaltools.gnu-tools-for-stm32.7-2018-q2-update.win32_1.4.0.202007081208/tools/bin/../lib/gcc/arm-none-eabi/7.3.1/../../../../arm-none-eabi/lib/thumb/v7-m\libc_nano.a(lib_a-exit.o)
                              c:/st/stm32cubeide_1.4.0/stm32cubeide/plugins/com.st.stm32cube.ide.mcu.externaltools.gnu-tools-for-stm32.7-2018-q2-update.win32_1.4.0.202007081208/tools/bin/../lib/gcc/arm-none-eabi/7.3.1/../../../../arm-none-eabi/lib/thumb/v7-m/crt0.o (exit)
c:/st/stm32cubeide_1.4.0/stm32cubeide/plugins/com.st.stm32cube.ide.mcu.externaltools.gnu-tools-for-stm32.7-2018-q2-update.win32_1.4.0.202007081208/tools/bin/../lib/gcc/arm-none-eabi/7.3.1/../../../../arm-none-eabi/lib/thumb/v7-m\libc_nano.a(lib_a-impure.o)
                              c:/st/stm32cubeide_1.4.0/stm32cubeide/plugins/com.st.stm32cube.ide.mcu.externaltools.gnu-tools-for-stm32.7-2018-q2-update.win32_1.4.0.202007081208/tools/bin/../lib/gcc/arm-none-eabi/7.3.1/../../../../arm-none-eabi/lib/thumb/v7-m\libc_nano.a(lib_a-exit.o) (_global_impure_ptr)
c:/st/stm32cubeide_1.4.0/stm32cubeide/plugins/com.st.stm32cube.ide.mcu.externaltools.gnu-tools-for-stm32.7-2018-q2-update.win32_1.4.0.202007081208/tools/bin/../lib/gcc/arm-none-eabi/7.3.1/../../../../arm-none-eabi/lib/thumb/v7-m\libc_nano.a(lib_a-init.o)
                              c:/st/stm32cubeide_1.4.0/stm32cubeide/plugins/com.st.stm32cube.ide.mcu.externaltools.gnu-tools-for-stm32.7-2018-q2-update.win32_1.4.0.202007081208/tools/bin/../lib/gcc/arm-none-eabi/7.3.1/../../../../arm-none-eabi/lib/thumb/v7-m/crt0.o (__libc_init_array)
c:/st/stm32cubeide_1.4.0/stm32cubeide/plugins/com.st.stm32cube.ide.mcu.externaltools.gnu-tools-for-stm32.7-2018-q2-update.win32_1.4.0.202007081208/tools/bin/../lib/gcc/arm-none-eabi/7.3.1/../../../../arm-none-eabi/lib/thumb/v7-m\libc_nano.a(lib_a-memcpy-stub.o)
                              Drivers/modbus/functions/mbfuncother.o (memcpy)
c:/st/stm32cubeide_1.4.0/stm32cubeide/plugins/com.st.stm32cube.ide.mcu.externaltools.gnu-tools-for-stm32.7-2018-q2-update.win32_1.4.0.202007081208/tools/bin/../lib/gcc/arm-none-eabi/7.3.1/../../../../arm-none-eabi/lib/thumb/v7-m\libc_nano.a(lib_a-memset.o)
                              c:/st/stm32cubeide_1.4.0/stm32cubeide/plugins/com.st.stm32cube.ide.mcu.externaltools.gnu-tools-for-stm32.7-2018-q2-update.win32_1.4.0.202007081208/tools/bin/../lib/gcc/arm-none-eabi/7.3.1/../../../../arm-none-eabi/lib/thumb/v7-m/crt0.o (memset)
c:/st/stm32cubeide_1.4.0/stm32cubeide/plugins/com.st.stm32cube.ide.mcu.externaltools.gnu-tools-for-stm32.7-2018-q2-update.win32_1.4.0.202007081208/tools/bin/../lib/gcc/arm-none-eabi/7.3.1/../../../../arm-none-eabi/lib/thumb/v7-m\libc_nano.a(lib_a-nano-vfprintf_float.o)
                              (_printf_float)
c:/st/stm32cubeide_1.4.0/stm32cubeide/plugins/com.st.stm32cube.ide.mcu.externaltools.gnu-tools-for-stm32.7-2018-q2-update.win32_1.4.0.202007081208/tools/bin/../lib/gcc/arm-none-eabi/7.3.1/../../../../arm-none-eabi/lib/thumb/v7-m\libc_nano.a(lib_a-nano-vfprintf_i.o)
                              c:/st/stm32cubeide_1.4.0/stm32cubeide/plugins/com.st.stm32cube.ide.mcu.externaltools.gnu-tools-for-stm32.7-2018-q2-update.win32_1.4.0.202007081208/tools/bin/../lib/gcc/arm-none-eabi/7.3.1/../../../../arm-none-eabi/lib/thumb/v7-m\libc_nano.a(lib_a-nano-vfprintf_float.o) (_printf_common)
c:/st/stm32cubeide_1.4.0/stm32cubeide/plugins/com.st.stm32cube.ide.mcu.externaltools.gnu-tools-for-stm32.7-2018-q2-update.win32_1.4.0.202007081208/tools/bin/../lib/gcc/arm-none-eabi/7.3.1/../../../../arm-none-eabi/lib/thumb/v7-m\libc_nano.a(lib_a-nano-vfscanf_float.o)
                              (_scanf_float)
c:/st/stm32cubeide_1.4.0/stm32cubeide/plugins/com.st.stm32cube.ide.mcu.externaltools.gnu-tools-for-stm32.7-2018-q2-update.win32_1.4.0.202007081208/tools/bin/../lib/gcc/arm-none-eabi/7.3.1/../../../../arm-none-eabi/lib/thumb/v7-m\libc_nano.a(lib_a-sf_nan.o)
                              c:/st/stm32cubeide_1.4.0/stm32cubeide/plugins/com.st.stm32cube.ide.mcu.externaltools.gnu-tools-for-stm32.7-2018-q2-update.win32_1.4.0.202007081208/tools/bin/../lib/gcc/arm-none-eabi/7.3.1/../../../../arm-none-eabi/lib/thumb/v7-m\libc_nano.a(lib_a-nano-vfscanf_float.o) (nanf)
c:/st/stm32cubeide_1.4.0/stm32cubeide/plugins/com.st.stm32cube.ide.mcu.externaltools.gnu-tools-for-stm32.7-2018-q2-update.win32_1.4.0.202007081208/tools/bin/../lib/gcc/arm-none-eabi/7.3.1/../../../../arm-none-eabi/lib/thumb/v7-m\libc_nano.a(lib_a-sprintf.o)
                              Core/Src/main.o (sprintf)
[...]
Memory Configuration

Name             Origin             Length             Attributes
RAM              0x0000000020000000 0x0000000000005000 xrw
FLASH            0x0000000008000000 0x0000000000020000 xr
*default*        0x0000000000000000 0xffffffffffffffff

Linker script and memory map

LOAD c:/st/stm32cubeide_1.4.0/stm32cubeide/plugins/com.st.stm32cube.ide.mcu.externaltools.gnu-tools-for-stm32.7-2018-q2-update.win32_1.4.0.202007081208/tools/bin/../lib/gcc/arm-none-eabi/7.3.1/thumb/v7-m/crti.o
LOAD c:/st/stm32cubeide_1.4.0/stm32cubeide/plugins/com.st.stm32cube.ide.mcu.externaltools.gnu-tools-for-stm32.7-2018-q2-update.win32_1.4.0.202007081208/tools/bin/../lib/gcc/arm-none-eabi/7.3.1/thumb/v7-m/crtbegin.o
LOAD c:/st/stm32cubeide_1.4.0/stm32cubeide/plugins/com.st.stm32cube.ide.mcu.externaltools.gnu-tools-for-stm32.7-2018-q2-update.win32_1.4.0.202007081208/tools/bin/../lib/gcc/arm-none-eabi/7.3.1/../../../../arm-none-eabi/lib/thumb/v7-m/crt0.o
LOAD Core/Src/DS18B20.o
LOAD Core/Src/RV_ST7735.o
LOAD Core/Src/main.o
LOAD Core/Src/stm32f1xx_hal_msp.o
LOAD Core/Src/stm32f1xx_it.o
LOAD Core/Src/syscalls.o
LOAD Core/Src/sysmem.o
LOAD Core/Src/system_stm32f1xx.o
LOAD Core/Startup/startup_stm32f103xb.o
LOAD Drivers/STM32F1xx_HAL_Driver/Src/stm32f1xx_hal.o
LOAD Drivers/STM32F1xx_HAL_Driver/Src/stm32f1xx_hal_cortex.o
LOAD Drivers/STM32F1xx_HAL_Driver/Src/stm32f1xx_hal_dma.o
LOAD Drivers/STM32F1xx_HAL_Driver/Src/stm32f1xx_hal_exti.o
LOAD Drivers/STM32F1xx_HAL_Driver/Src/stm32f1xx_hal_flash.o
LOAD Drivers/STM32F1xx_HAL_Driver/Src/stm32f1xx_hal_flash_ex.o
LOAD Drivers/STM32F1xx_HAL_Driver/Src/stm32f1xx_hal_gpio.o
LOAD Drivers/STM32F1xx_HAL_Driver/Src/stm32f1xx_hal_gpio_ex.o
LOAD Drivers/STM32F1xx_HAL_Driver/Src/stm32f1xx_hal_pwr.o
LOAD Drivers/STM32F1xx_HAL_Driver/Src/stm32f1xx_hal_rcc.o
LOAD Drivers/STM32F1xx_HAL_Driver/Src/stm32f1xx_hal_rcc_ex.o
LOAD Drivers/STM32F1xx_HAL_Driver/Src/stm32f1xx_hal_spi.o
LOAD Drivers/STM32F1xx_HAL_Driver/Src/stm32f1xx_hal_tim.o
LOAD Drivers/STM32F1xx_HAL_Driver/Src/stm32f1xx_hal_tim_ex.o
LOAD Drivers/STM32F1xx_HAL_Driver/Src/stm32f1xx_hal_uart.o
LOAD Drivers/modbus/app/user_mb_app.o
LOAD Drivers/modbus/app/user_mb_app_m.o
LOAD Drivers/modbus/ascii/mbascii.o
LOAD Drivers/modbus/functions/mbfunccoils.o
LOAD Drivers/modbus/functions/mbfunccoils_m.o
LOAD Drivers/modbus/functions/mbfuncdiag.o
LOAD Drivers/modbus/functions/mbfuncdisc.o
LOAD Drivers/modbus/functions/mbfuncdisc_m.o
LOAD Drivers/modbus/functions/mbfuncholding.o
LOAD Drivers/modbus/functions/mbfuncholding_m.o
LOAD Drivers/modbus/functions/mbfuncinput.o
LOAD Drivers/modbus/functions/mbfuncinput_m.o
LOAD Drivers/modbus/functions/mbfuncother.o
LOAD Drivers/modbus/functions/mbutils.o
LOAD Drivers/modbus/mb.o
LOAD Drivers/modbus/mb_m.o
LOAD Drivers/modbus/port/portcritical.o
LOAD Drivers/modbus/port/portevent.o
LOAD Drivers/modbus/port/portevent_m.o
LOAD Drivers/modbus/port/portserial.o
LOAD Drivers/modbus/port/portserial_m.o
LOAD Drivers/modbus/port/porttimer.o
LOAD Drivers/modbus/port/porttimer_m.o
LOAD Drivers/modbus/rtu/mbcrc.o
LOAD Drivers/modbus/rtu/mbrtu.o
LOAD Drivers/modbus/rtu/mbrtu_m.o
LOAD Drivers/modbus/tcp/mbtcp.o
START GROUP
LOAD c:/st/stm32cubeide_1.4.0/stm32cubeide/plugins/com.st.stm32cube.ide.mcu.externaltools.gnu-tools-for-stm32.7-2018-q2-update.win32_1.4.0.202007081208/tools/bin/../lib/gcc/arm-none-eabi/7.3.1/../../../../arm-none-eabi/lib/thumb/v7-m\libc_nano.a
LOAD c:/st/stm32cubeide_1.4.0/stm32cubeide/plugins/com.st.stm32cube.ide.mcu.externaltools.gnu-tools-for-stm32.7-2018-q2-update.win32_1.4.0.202007081208/tools/bin/../lib/gcc/arm-none-eabi/7.3.1/../../../../arm-none-eabi/lib/thumb/v7-m\libm.a
END GROUP
START GROUP
LOAD c:/st/stm32cubeide_1.4.0/stm32cubeide/plugins/com.st.stm32cube.ide.mcu.externaltools.gnu-tools-for-stm32.7-2018-q2-update.win32_1.4.0.202007081208/tools/bin/../lib/gcc/arm-none-eabi/7.3.1/thumb/v7-m\libgcc.a
LOAD c:/st/stm32cubeide_1.4.0/stm32cubeide/plugins/com.st.stm32cube.ide.mcu.externaltools.gnu-tools-for-stm32.7-2018-q2-update.win32_1.4.0.202007081208/tools/bin/../lib/gcc/arm-none-eabi/7.3.1/../../../../arm-none-eabi/lib/thumb/v7-m\libc_nano.a
END GROUP
START GROUP
LOAD c:/st/stm32cubeide_1.4.0/stm32cubeide/plugins/com.st.stm32cube.ide.mcu.externaltools.gnu-tools-for-stm32.7-2018-q2-update.win32_1.4.0.202007081208/tools/bin/../lib/gcc/arm-none-eabi/7.3.1/thumb/v7-m\libgcc.a
LOAD c:/st/stm32cubeide_1.4.0/stm32cubeide/plugins/com.st.stm32cube.ide.mcu.externaltools.gnu-tools-for-stm32.7-2018-q2-update.win32_1.4.0.202007081208/tools/bin/../lib/gcc/arm-none-eabi/7.3.1/../../../../arm-none-eabi/lib/thumb/v7-m\libc_nano.a
LOAD c:/st/stm32cubeide_1.4.0/stm32cubeide/plugins/com.st.stm32cube.ide.mcu.externaltools.gnu-tools-for-stm32.7-2018-q2-update.win32_1.4.0.202007081208/tools/bin/../lib/gcc/arm-none-eabi/7.3.1/../../../../arm-none-eabi/lib/thumb/v7-m\libnosys.a
END GROUP
START GROUP
LOAD c:/st/stm32cubeide_1.4.0/stm32cubeide/plugins/com.st.stm32cube.ide.mcu.externaltools.gnu-tools-for-stm32.7-2018-q2-update.win32_1.4.0.202007081208/tools/bin/../lib/gcc/arm-none-eabi/7.3.1/thumb/v7-m\libgcc.a
LOAD c:/st/stm32cubeide_1.4.0/stm32cubeide/plugins/com.st.stm32cube.ide.mcu.externaltools.gnu-tools-for-stm32.7-2018-q2-update.win32_1.4.0.202007081208/tools/bin/../lib/gcc/arm-none-eabi/7.3.1/../../../../arm-none-eabi/lib/thumb/v7-m\libc_nano.a
LOAD c:/st/stm32cubeide_1.4.0/stm32cubeide/plugins/com.st.stm32cube.ide.mcu.externaltools.gnu-tools-for-stm32.7-2018-q2-update.win32_1.4.0.202007081208/tools/bin/../lib/gcc/arm-none-eabi/7.3.1/../../../../arm-none-eabi/lib/thumb/v7-m\libnosys.a
END GROUP
LOAD c:/st/stm32cubeide_1.4.0/stm32cubeide/plugins/com.st.stm32cube.ide.mcu.externaltools.gnu-tools-for-stm32.7-2018-q2-update.win32_1.4.0.202007081208/tools/bin/../lib/gcc/arm-none-eabi/7.3.1/thumb/v7-m/crtend.o
LOAD c:/st/stm32cubeide_1.4.0/stm32cubeide/plugins/com.st.stm32cube.ide.mcu.externaltools.gnu-tools-for-stm32.7-2018-q2-update.win32_1.4.0.202007081208/tools/bin/../lib/gcc/arm-none-eabi/7.3.1/thumb/v7-m/crtn.o
                0x0000000020005000                _estack = (ORIGIN (RAM) + LENGTH (RAM))
                0x0000000000001200                _Min_Heap_Size = 0x1200
                0x0000000000000800                _Min_Stack_Size = 0x800

.isr_vector     0x0000000008000000      0x10c
                0x0000000008000000                . = ALIGN (0x4)
 *(.isr_vector)
 .isr_vector    0x0000000008000000      0x10c Core/Startup/startup_stm32f103xb.o
                0x0000000008000000                g_pfnVectors
                0x000000000800010c                . = ALIGN (0x4)

.text           0x0000000008000110     0x9d6c
                0x0000000008000110                . = ALIGN (0x4)
 *(.text)
 .text          0x0000000008000110       0x40 c:/st/stm32cubeide_1.4.0/stm32cubeide/plugins/com.st.stm32cube.ide.mcu.externaltools.gnu-tools-for-stm32.7-2018-q2-update.win32_1.4.0.202007081208/tools/bin/../lib/gcc/arm-none-eabi/7.3.1/thumb/v7-m/crtbegin.o
 .text          0x0000000008000150       0x10 c:/st/stm32cubeide_1.4.0/stm32cubeide/plugins/com.st.stm32cube.ide.mcu.externaltools.gnu-tools-for-stm32.7-2018-q2-update.win32_1.4.0.202007081208/tools/bin/../lib/gcc/arm-none-eabi/7.3.1/../../../../arm-none-eabi/lib/thumb/v7-m\libc_nano.a(lib_a-strlen.o)
                0x0000000008000150                strlen
 .text          0x0000000008000160      0x378 c:/st/stm32cubeide_1.4.0/stm32cubeide/plugins/com.st.stm32cube.ide.mcu.externaltools.gnu-tools-for-stm32.7-2018-q2-update.win32_1.4.0.202007081208/tools/bin/../lib/gcc/arm-none-eabi/7.3.1/thumb/v7-m\libgcc.a(_arm_addsubdf3.o)
                0x0000000008000160                __aeabi_drsub
                0x0000000008000168                __aeabi_dsub
                0x0000000008000168                __subdf3
                0x000000000800016c                __aeabi_dadd
                0x000000000800016c                __adddf3
                0x00000000080003e4                __floatunsidf
                0x00000000080003e4                __aeabi_ui2d
                0x0000000008000404                __floatsidf
                0x0000000008000404                __aeabi_i2d
                0x0000000008000428                __aeabi_f2d
                0x0000000008000428                __extendsfdf2
                0x000000000800046c                __floatundidf
                0x000000000800046c                __aeabi_ul2d
                0x000000000800047c                __floatdidf
                0x000000000800047c                __aeabi_l2d
 .text          0x00000000080004d8      0x424 c:/st/stm32cubeide_1.4.0/stm32cubeide/plugins/com.st.stm32cube.ide.mcu.externaltools.gnu-tools-for-stm32.7-2018-q2-update.win32_1.4.0.202007081208/tools/bin/../lib/gcc/arm-none-eabi/7.3.1/thumb/v7-m\libgcc.a(_arm_muldivdf3.o)
                0x00000000080004d8                __aeabi_dmul
                0x00000000080004d8                __muldf3
                0x000000000800072c                __divdf3
                0x000000000800072c                __aeabi_ddiv
 .text          0x00000000080008fc      0x110 c:/st/stm32cubeide_1.4.0/stm32cubeide/plugins/com.st.stm32cube.ide.mcu.externaltools.gnu-tools-for-stm32.7-2018-q2-update.win32_1.4.0.202007081208/tools/bin/../lib/gcc/arm-none-eabi/7.3.1/thumb/v7-m\libgcc.a(_arm_cmpdf2.o)
                0x00000000080008fc                __gtdf2
                0x00000000080008fc                __gedf2
                0x0000000008000904                __ltdf2
                0x0000000008000904                __ledf2
                0x000000000800090c                __nedf2
                0x000000000800090c                __eqdf2
                0x000000000800090c                __cmpdf2
                0x0000000008000988                __aeabi_cdrcmple
                0x0000000008000998                __aeabi_cdcmpeq
                0x0000000008000998                __aeabi_cdcmple
                0x00000000080009a8                __aeabi_dcmpeq
                0x00000000080009bc                __aeabi_dcmplt
                0x00000000080009d0                __aeabi_dcmple
                0x00000000080009e4                __aeabi_dcmpge
                0x00000000080009f8                __aeabi_dcmpgt
 .text          0x0000000008000a0c       0x2c c:/st/stm32cubeide_1.4.0/stm32cubeide/plugins/com.st.stm32cube.ide.mcu.externaltools.gnu-tools-for-stm32.7-2018-q2-update.win32_1.4.0.202007081208/tools/bin/../lib/gcc/arm-none-eabi/7.3.1/thumb/v7-m\libgcc.a(_arm_unorddf2.o)
                0x0000000008000a0c                __unorddf2
                0x0000000008000a0c                __aeabi_dcmpun
 .text          0x0000000008000a38       0x50 c:/st/stm32cubeide_1.4.0/stm32cubeide/plugins/com.st.stm32cube.ide.mcu.externaltools.gnu-tools-for-stm32.7-2018-q2-update.win32_1.4.0.202007081208/tools/bin/../lib/gcc/arm-none-eabi/7.3.1/thumb/v7-m\libgcc.a(_arm_fixdfsi.o)
                0x0000000008000a38                __aeabi_d2iz
                0x0000000008000a38                __fixdfsi
 .text          0x0000000008000a88       0x40 c:/st/stm32cubeide_1.4.0/stm32cubeide/plugins/com.st.stm32cube.ide.mcu.externaltools.gnu-tools-for-stm32.7-2018-q2-update.win32_1.4.0.202007081208/tools/bin/../lib/gcc/arm-none-eabi/7.3.1/thumb/v7-m\libgcc.a(_arm_fixunsdfsi.o)
                0x0000000008000a88                __aeabi_d2uiz
                0x0000000008000a88                __fixunsdfsi
 .text          0x0000000008000ac8       0xa0 c:/st/stm32cubeide_1.4.0/stm32cubeide/plugins/com.st.stm32cube.ide.mcu.externaltools.gnu-tools-for-stm32.7-2018-q2-update.win32_1.4.0.202007081208/tools/bin/../lib/gcc/arm-none-eabi/7.3.1/thumb/v7-m\libgcc.a(_arm_truncdfsf2.o)
                0x0000000008000ac8                __truncdfsf2
                0x0000000008000ac8                __aeabi_d2f
 .text          0x0000000008000b68      0x21c c:/st/stm32cubeide_1.4.0/stm32cubeide/plugins/com.st.stm32cube.ide.mcu.externaltools.gnu-tools-for-stm32.7-2018-q2-update.win32_1.4.0.202007081208/tools/bin/../lib/gcc/arm-none-eabi/7.3.1/thumb/v7-m\libgcc.a(_arm_addsubsf3.o)
                0x0000000008000b68                __aeabi_frsub
                0x0000000008000b70                __subsf3
                0x0000000008000b70                __aeabi_fsub
                0x0000000008000b74                __aeabi_fadd
                0x0000000008000b74                __addsf3
                0x0000000008000cd4                __aeabi_ui2f
                0x0000000008000cd4                __floatunsisf
                0x0000000008000cdc                __aeabi_i2f
                0x0000000008000cdc                __floatsisf
                0x0000000008000cf8                __aeabi_ul2f
                0x0000000008000cf8                __floatundisf
                0x0000000008000d08                __aeabi_l2f
                0x0000000008000d08                __floatdisf
 .text          0x0000000008000d84      0x2a0 c:/st/stm32cubeide_1.4.0/stm32cubeide/plugins/com.st.stm32cube.ide.mcu.externaltools.gnu-tools-for-stm32.7-2018-q2-update.win32_1.4.0.202007081208/tools/bin/../lib/gcc/arm-none-eabi/7.3.1/thumb/v7-m\libgcc.a(_arm_muldivsf3.o)
                0x0000000008000d84                __mulsf3
                0x0000000008000d84                __aeabi_fmul
                0x0000000008000eec                __aeabi_fdiv
                0x0000000008000eec                __divsf3
 .text          0x0000000008001024       0x4c c:/st/stm32cubeide_1.4.0/stm32cubeide/plugins/com.st.stm32cube.ide.mcu.externaltools.gnu-tools-for-stm32.7-2018-q2-update.win32_1.4.0.202007081208/tools/bin/../lib/gcc/arm-none-eabi/7.3.1/thumb/v7-m\libgcc.a(_arm_fixsfsi.o)
                0x0000000008001024                __aeabi_f2iz
                0x0000000008001024                __fixsfsi
 *(.text*)
 .text.DelayMicro
                0x0000000008001070       0x3c Core/Src/DS18B20.o
 .text.port_init
                0x00000000080010ac       0x3c Core/Src/DS18B20.o
                0x00000000080010ac                port_init
 .text.ds18b20_Reset
                0x00000000080010e8       0x58 Core/Src/DS18B20.o
                0x00000000080010e8                ds18b20_Reset
 .text.ds18b20_ReadBit
                0x0000000008001140       0x58 Core/Src/DS18B20.o
                0x0000000008001140                ds18b20_ReadBit
 .text.ds18b20_ReadByte
                0x0000000008001198       0x3c Core/Src/DS18B20.o
                0x0000000008001198                ds18b20_ReadByte
 .text.ds18b20_WriteBit
                0x00000000080011d4       0x54 Core/Src/DS18B20.o
                0x00000000080011d4                ds18b20_WriteBit
 .text.ds18b20_WriteByte
                0x0000000008001228       0x40 Core/Src/DS18B20.o
                0x0000000008001228                ds18b20_WriteByte
 .text.ds18b20_SearhRom
                0x0000000008001268      0x184 Core/Src/DS18B20.o
                0x0000000008001268                ds18b20_SearhRom
 .text.ds18b20_init
                0x00000000080013ec      0x110 Core/Src/DS18B20.o
                0x00000000080013ec                ds18b20_init
 .text.ds18b20_MeasureTemperCmd
                0x00000000080014fc       0x68 Core/Src/DS18B20.o
                0x00000000080014fc                ds18b20_MeasureTemperCmd
 .text.ds18b20_ReadStratcpad
                0x0000000008001564       0x84 Core/Src/DS18B20.o
                0x0000000008001564                ds18b20_ReadStratcpad
 .text.ds18b20_GetSign
                0x00000000080015e8       0x24 Core/Src/DS18B20.o
                0x00000000080015e8                ds18b20_GetSign
 .text.ds18b20_Convert
                0x000000000800160c       0x4c Core/Src/DS18B20.o
                0x000000000800160c                ds18b20_Convert
 .text.RV_ST7735_LED_ON
                0x0000000008001658       0x18 Core/Src/RV_ST7735.o
                0x0000000008001658                RV_ST7735_LED_ON
 .text.RV_ST7735_SEND
                0x0000000008001670       0x24 Core/Src/RV_ST7735.o
                0x0000000008001670                RV_ST7735_SEND
 .text.RV_ST7735_SEND_CMD
                0x0000000008001694       0x2c Core/Src/RV_ST7735.o
                0x0000000008001694                RV_ST7735_SEND_CMD
 .text.RV_ST7735_SEND_DATA
                0x00000000080016c0       0x2c Core/Src/RV_ST7735.o
                0x00000000080016c0                RV_ST7735_SEND_DATA
 .text.RV_ST7735_AT
                0x00000000080016ec       0x7a Core/Src/RV_ST7735.o
                0x00000000080016ec                RV_ST7735_AT
 *fill*         0x0000000008001766        0x2 
 .text.RV_ST7735_INIT
                0x0000000008001768       0xd0 Core/Src/RV_ST7735.o
                0x0000000008001768                RV_ST7735_INIT
 .text.RV_ST7735_FILLRECT
                0x0000000008001838       0x94 Core/Src/RV_ST7735.o
                0x0000000008001838                RV_ST7735_FILLRECT
 .text.RV_ST7735_CHAR
                0x00000000080018cc      0x138 Core/Src/RV_ST7735.o
                0x00000000080018cc                RV_ST7735_CHAR
 .text.RV_ST7735_STRING
                0x0000000008001a04       0x48 Core/Src/RV_ST7735.o
                0x0000000008001a04                RV_ST7735_STRING
 .text.Blink    0x0000000008001a4c       0x80 Core/Src/main.o
                0x0000000008001a4c                Blink
 *fill*         0x0000000008001acc        0x4 
 .text.main     0x0000000008001ad0      0x980 Core/Src/main.o
                0x0000000008001ad0                main
 .text.SystemClock_Config
                0x0000000008002450       0x8a Core/Src/main.o
                0x0000000008002450                SystemClock_Config
 *fill*         0x00000000080024da        0x2 
 .text.MX_SPI1_Init
                0x00000000080024dc       0x70 Core/Src/main.o
 .text.MX_TIM4_Init
                0x000000000800254c       0x98 Core/Src/main.o
 .text.MX_USART1_UART_Init
                0x00000000080025e4       0x54 Core/Src/main.o
 .text.MX_GPIO_Init
                0x0000000008002638      0x124 Core/Src/main.o
 .text.Error_Handler
                0x000000000800275c        0xc Core/Src/main.o
                0x000000000800275c                Error_Handler
 .text.HAL_MspInit
                0x0000000008002768       0x64 Core/Src/stm32f1xx_hal_msp.o
                0x0000000008002768                HAL_MspInit
 .text.HAL_SPI_MspInit
                0x00000000080027cc       0x7c Core/Src/stm32f1xx_hal_msp.o
                0x00000000080027cc                HAL_SPI_MspInit
 .text.HAL_TIM_Base_MspInit
                0x0000000008002848       0x4c Core/Src/stm32f1xx_hal_msp.o
                0x0000000008002848                HAL_TIM_Base_MspInit
 .text.HAL_UART_MspInit
                0x0000000008002894       0xa8 Core/Src/stm32f1xx_hal_msp.o
                0x0000000008002894                HAL_UART_MspInit
 .text.NMI_Handler
                0x000000000800293c        0xc Core/Src/stm32f1xx_it.o
                0x000000000800293c                NMI_Handler
 .text.HardFault_Handler
                0x0000000008002948        0x6 Core/Src/stm32f1xx_it.o
                0x0000000008002948                HardFault_Handler
 .text.MemManage_Handler
                0x000000000800294e        0x6 Core/Src/stm32f1xx_it.o
                0x000000000800294e                MemManage_Handler
 .text.BusFault_Handler
                0x0000000008002954        0x6 Core/Src/stm32f1xx_it.o
                0x0000000008002954                BusFault_Handler
 .text.UsageFault_Handler
                0x000000000800295a        0x6 Core/Src/stm32f1xx_it.o
                0x000000000800295a                UsageFault_Handler
 .text.SVC_Handler
                0x0000000008002960        0xc Core/Src/stm32f1xx_it.o
                0x0000000008002960                SVC_Handler
 .text.DebugMon_Handler
                0x000000000800296c        0xc Core/Src/stm32f1xx_it.o
                0x000000000800296c                DebugMon_Handler
 .text.PendSV_Handler
                0x0000000008002978        0xc Core/Src/stm32f1xx_it.o
                0x0000000008002978                PendSV_Handler
 .text.SysTick_Handler
                0x0000000008002984        0xc Core/Src/stm32f1xx_it.o
                0x0000000008002984                SysTick_Handler
 .text.TIM4_IRQHandler
                0x0000000008002990       0x14 Core/Src/stm32f1xx_it.o
                0x0000000008002990                TIM4_IRQHandler
 .text.USART1_IRQHandler
                0x00000000080029a4       0x14 Core/Src/stm32f1xx_it.o
                0x00000000080029a4                USART1_IRQHandler
 .text._sbrk    0x00000000080029b8       0x6c Core/Src/sysmem.o
                0x00000000080029b8                _sbrk
 .text.SystemInit
                0x0000000008002a24        0xc Core/Src/system_stm32f1xx.o
                0x0000000008002a24                SystemInit
 .text.Reset_Handler
                0x0000000008002a30       0x48 Core/Startup/startup_stm32f103xb.o
                0x0000000008002a30                Reset_Handler
 .text.Default_Handler
                0x0000000008002a78        0x2 Core/Startup/startup_stm32f103xb.o
                0x0000000008002a78                RTC_Alarm_IRQHandler
                0x0000000008002a78                EXTI2_IRQHandler
                0x0000000008002a78                TIM1_CC_IRQHandler
                0x0000000008002a78                PVD_IRQHandler
                0x0000000008002a78                EXTI3_IRQHandler
                0x0000000008002a78                EXTI0_IRQHandler
                0x0000000008002a78                I2C2_EV_IRQHandler
                0x0000000008002a78                ADC1_2_IRQHandler
                0x0000000008002a78                SPI1_IRQHandler
                0x0000000008002a78                TAMPER_IRQHandler
                0x0000000008002a78                DMA1_Channel4_IRQHandler
                0x0000000008002a78                USART3_IRQHandler
                0x0000000008002a78                RTC_IRQHandler
                0x0000000008002a78                DMA1_Channel7_IRQHandler
                0x0000000008002a78                CAN1_RX1_IRQHandler
                0x0000000008002a78                I2C1_EV_IRQHandler
                0x0000000008002a78                DMA1_Channel6_IRQHandler
                0x0000000008002a78                TIM3_IRQHandler
                0x0000000008002a78                RCC_IRQHandler
                0x0000000008002a78                TIM1_TRG_COM_IRQHandler
                0x0000000008002a78                DMA1_Channel1_IRQHandler
                0x0000000008002a78                Default_Handler
                0x0000000008002a78                EXTI15_10_IRQHandler
                0x0000000008002a78                EXTI9_5_IRQHandler
                0x0000000008002a78                SPI2_IRQHandler
                0x0000000008002a78                DMA1_Channel5_IRQHandler
                0x0000000008002a78                EXTI4_IRQHandler
                0x0000000008002a78                USB_LP_CAN1_RX0_IRQHandler
                0x0000000008002a78                USB_HP_CAN1_TX_IRQHandler
                0x0000000008002a78                DMA1_Channel3_IRQHandler
                0x0000000008002a78                TIM1_UP_IRQHandler
                0x0000000008002a78                WWDG_IRQHandler
                0x0000000008002a78                TIM2_IRQHandler
                0x0000000008002a78                TIM1_BRK_IRQHandler
                0x0000000008002a78                EXTI1_IRQHandler
                0x0000000008002a78                USART2_IRQHandler
                0x0000000008002a78                I2C2_ER_IRQHandler
                0x0000000008002a78                DMA1_Channel2_IRQHandler
                0x0000000008002a78                CAN1_SCE_IRQHandler
                0x0000000008002a78                FLASH_IRQHandler
                0x0000000008002a78                I2C1_ER_IRQHandler
                0x0000000008002a78                USBWakeUp_IRQHandler
 *fill*         0x0000000008002a7a        0x2 
 .text.HAL_Init
                0x0000000008002a7c       0x2c Drivers/STM32F1xx_HAL_Driver/Src/stm32f1xx_hal.o
                0x0000000008002a7c                HAL_Init
 .text.HAL_InitTick
                0x0000000008002aa8       0x60 Drivers/STM32F1xx_HAL_Driver/Src/stm32f1xx_hal.o
                0x0000000008002aa8                HAL_InitTick
 .text.HAL_IncTick
                0x0000000008002b08       0x24 Drivers/STM32F1xx_HAL_Driver/Src/stm32f1xx_hal.o
                0x0000000008002b08                HAL_IncTick
 .text.HAL_GetTick
                0x0000000008002b2c       0x14 Drivers/STM32F1xx_HAL_Driver/Src/stm32f1xx_hal.o
                0x0000000008002b2c                HAL_GetTick
 .text.HAL_Delay
                0x0000000008002b40       0x44 Drivers/STM32F1xx_HAL_Driver/Src/stm32f1xx_hal.o
                0x0000000008002b40                HAL_Delay
 .text.__NVIC_SetPriorityGrouping
                0x0000000008002b84       0x48 Drivers/STM32F1xx_HAL_Driver/Src/stm32f1xx_hal_cortex.o
 .text.__NVIC_GetPriorityGrouping
                0x0000000008002bcc       0x1c Drivers/STM32F1xx_HAL_Driver/Src/stm32f1xx_hal_cortex.o
 .text.__NVIC_EnableIRQ
                0x0000000008002be8       0x38 Drivers/STM32F1xx_HAL_Driver/Src/stm32f1xx_hal_cortex.o
 .text.__NVIC_SetPriority
                0x0000000008002c20       0x54 Drivers/STM32F1xx_HAL_Driver/Src/stm32f1xx_hal_cortex.o
 .text.NVIC_EncodePriority
                0x0000000008002c74       0x64 Drivers/STM32F1xx_HAL_Driver/Src/stm32f1xx_hal_cortex.o
 .text.SysTick_Config
                0x0000000008002cd8       0x44 Drivers/STM32F1xx_HAL_Driver/Src/stm32f1xx_hal_cortex.o
 .text.HAL_NVIC_SetPriorityGrouping
                0x0000000008002d1c       0x16 Drivers/STM32F1xx_HAL_Driver/Src/stm32f1xx_hal_cortex.o
                0x0000000008002d1c                HAL_NVIC_SetPriorityGrouping
 .text.HAL_NVIC_SetPriority
                0x0000000008002d32       0x38 Drivers/STM32F1xx_HAL_Driver/Src/stm32f1xx_hal_cortex.o
                0x0000000008002d32                HAL_NVIC_SetPriority
 .text.HAL_NVIC_EnableIRQ
                0x0000000008002d6a       0x1c Drivers/STM32F1xx_HAL_Driver/Src/stm32f1xx_hal_cortex.o
                0x0000000008002d6a                HAL_NVIC_EnableIRQ
 .text.HAL_SYSTICK_Config
                0x0000000008002d86       0x18 Drivers/STM32F1xx_HAL_Driver/Src/stm32f1xx_hal_cortex.o
                0x0000000008002d86                HAL_SYSTICK_Config
 *fill*         0x0000000008002d9e        0x2 
 .text.HAL_DMA_Abort_IT
                0x0000000008002da0       0xec Drivers/STM32F1xx_HAL_Driver/Src/stm32f1xx_hal_dma.o
                0x0000000008002da0                HAL_DMA_Abort_IT
 .text.HAL_GPIO_Init
                0x0000000008002e8c      0x2b4 Drivers/STM32F1xx_HAL_Driver/Src/stm32f1xx_hal_gpio.o
                0x0000000008002e8c                HAL_GPIO_Init
 .text.HAL_GPIO_DeInit
                0x0000000008003140      0x178 Drivers/STM32F1xx_HAL_Driver/Src/stm32f1xx_hal_gpio.o
                0x0000000008003140                HAL_GPIO_DeInit
 .text.HAL_GPIO_WritePin
                0x00000000080032b8       0x30 Drivers/STM32F1xx_HAL_Driver/Src/stm32f1xx_hal_gpio.o
                0x00000000080032b8                HAL_GPIO_WritePin
 .text.HAL_RCC_OscConfig
                0x00000000080032e8      0x500 Drivers/STM32F1xx_HAL_Driver/Src/stm32f1xx_hal_rcc.o
                0x00000000080032e8                HAL_RCC_OscConfig
 .text.HAL_RCC_ClockConfig
                0x00000000080037e8      0x1d4 Drivers/STM32F1xx_HAL_Driver/Src/stm32f1xx_hal_rcc.o
                0x00000000080037e8                HAL_RCC_ClockConfig
 .text.HAL_RCC_GetSysClockFreq
                0x00000000080039bc       0xc4 Drivers/STM32F1xx_HAL_Driver/Src/stm32f1xx_hal_rcc.o
                0x00000000080039bc                HAL_RCC_GetSysClockFreq
 .text.HAL_RCC_GetHCLKFreq
                0x0000000008003a80       0x14 Drivers/STM32F1xx_HAL_Driver/Src/stm32f1xx_hal_rcc.o
                0x0000000008003a80                HAL_RCC_GetHCLKFreq
 .text.HAL_RCC_GetPCLK1Freq
                0x0000000008003a94       0x28 Drivers/STM32F1xx_HAL_Driver/Src/stm32f1xx_hal_rcc.o
                0x0000000008003a94                HAL_RCC_GetPCLK1Freq
 .text.HAL_RCC_GetPCLK2Freq
                0x0000000008003abc       0x28 Drivers/STM32F1xx_HAL_Driver/Src/stm32f1xx_hal_rcc.o
                0x0000000008003abc                HAL_RCC_GetPCLK2Freq
 .text.RCC_Delay
                0x0000000008003ae4       0x3c Drivers/STM32F1xx_HAL_Driver/Src/stm32f1xx_hal_rcc.o
 .text.HAL_SPI_Init
                0x0000000008003b20      0x108 Drivers/STM32F1xx_HAL_Driver/Src/stm32f1xx_hal_spi.o
                0x0000000008003b20                HAL_SPI_Init
 .text.HAL_SPI_Transmit
                0x0000000008003c28      0x278 Drivers/STM32F1xx_HAL_Driver/Src/stm32f1xx_hal_spi.o
                0x0000000008003c28                HAL_SPI_Transmit
 .text.SPI_WaitFlagStateUntilTimeout
                0x0000000008003ea0      0x110 Drivers/STM32F1xx_HAL_Driver/Src/stm32f1xx_hal_spi.o
 .text.SPI_EndRxTxTransaction
                0x0000000008003fb0       0x3c Drivers/STM32F1xx_HAL_Driver/Src/stm32f1xx_hal_spi.o
 .text.HAL_TIM_Base_Init
                0x0000000008003fec       0x9e Drivers/STM32F1xx_HAL_Driver/Src/stm32f1xx_hal_tim.o
                0x0000000008003fec                HAL_TIM_Base_Init
 *fill*         0x000000000800408a        0x2 
 .text.HAL_TIM_Base_Start_IT
                0x000000000800408c       0xa4 Drivers/STM32F1xx_HAL_Driver/Src/stm32f1xx_hal_tim.o
                0x000000000800408c                HAL_TIM_Base_Start_IT
 .text.HAL_TIM_Base_Stop_IT
                0x0000000008004130       0x5c Drivers/STM32F1xx_HAL_Driver/Src/stm32f1xx_hal_tim.o
                0x0000000008004130                HAL_TIM_Base_Stop_IT
 .text.HAL_TIM_IRQHandler
                0x000000000800418c      0x210 Drivers/STM32F1xx_HAL_Driver/Src/stm32f1xx_hal_tim.o
                0x000000000800418c                HAL_TIM_IRQHandler
 .text.HAL_TIM_ConfigClockSource
                0x000000000800439c      0x16e Drivers/STM32F1xx_HAL_Driver/Src/stm32f1xx_hal_tim.o
                0x000000000800439c                HAL_TIM_ConfigClockSource
 .text.HAL_TIM_OC_DelayElapsedCallback
                0x000000000800450a       0x12 Drivers/STM32F1xx_HAL_Driver/Src/stm32f1xx_hal_tim.o
                0x000000000800450a                HAL_TIM_OC_DelayElapsedCallback
 .text.HAL_TIM_IC_CaptureCallback
                0x000000000800451c       0x12 Drivers/STM32F1xx_HAL_Driver/Src/stm32f1xx_hal_tim.o
                0x000000000800451c                HAL_TIM_IC_CaptureCallback
 .text.HAL_TIM_PWM_PulseFinishedCallback
                0x000000000800452e       0x12 Drivers/STM32F1xx_HAL_Driver/Src/stm32f1xx_hal_tim.o
                0x000000000800452e                HAL_TIM_PWM_PulseFinishedCallback
 .text.HAL_TIM_TriggerCallback
                0x0000000008004540       0x12 Drivers/STM32F1xx_HAL_Driver/Src/stm32f1xx_hal_tim.o
                0x0000000008004540                HAL_TIM_TriggerCallback
 *fill*         0x0000000008004552        0x2 
 .text.TIM_Base_SetConfig
                0x0000000008004554       0xc4 Drivers/STM32F1xx_HAL_Driver/Src/stm32f1xx_hal_tim.o
                0x0000000008004554                TIM_Base_SetConfig
 .text.TIM_TI1_ConfigInputStage
                0x0000000008004618       0x5c Drivers/STM32F1xx_HAL_Driver/Src/stm32f1xx_hal_tim.o
 .text.TIM_TI2_ConfigInputStage
                0x0000000008004674       0x5e Drivers/STM32F1xx_HAL_Driver/Src/stm32f1xx_hal_tim.o
 .text.TIM_ITRx_SetConfig
                0x00000000080046d2       0x34 Drivers/STM32F1xx_HAL_Driver/Src/stm32f1xx_hal_tim.o
 .text.TIM_ETR_SetConfig
                0x0000000008004706       0x3e Drivers/STM32F1xx_HAL_Driver/Src/stm32f1xx_hal_tim.o
                0x0000000008004706                TIM_ETR_SetConfig
 .text.HAL_TIMEx_MasterConfigSynchronization
                0x0000000008004744       0xbc Drivers/STM32F1xx_HAL_Driver/Src/stm32f1xx_hal_tim_ex.o
                0x0000000008004744                HAL_TIMEx_MasterConfigSynchronization
 .text.HAL_TIMEx_CommutCallback
                0x0000000008004800       0x12 Drivers/STM32F1xx_HAL_Driver/Src/stm32f1xx_hal_tim_ex.o
                0x0000000008004800                HAL_TIMEx_CommutCallback
 .text.HAL_TIMEx_BreakCallback
                0x0000000008004812       0x12 Drivers/STM32F1xx_HAL_Driver/Src/stm32f1xx_hal_tim_ex.o
                0x0000000008004812                HAL_TIMEx_BreakCallback
 .text.HAL_UART_Init
                0x0000000008004824       0x9a Drivers/STM32F1xx_HAL_Driver/Src/stm32f1xx_hal_uart.o
                0x0000000008004824                HAL_UART_Init
 .text.HAL_UART_Transmit_IT
                0x00000000080048be       0x88 Drivers/STM32F1xx_HAL_Driver/Src/stm32f1xx_hal_uart.o
                0x00000000080048be                HAL_UART_Transmit_IT
 .text.HAL_UART_Receive_IT
                0x0000000008004946       0xa8 Drivers/STM32F1xx_HAL_Driver/Src/stm32f1xx_hal_uart.o
                0x0000000008004946                HAL_UART_Receive_IT
 *fill*         0x00000000080049ee        0x2 
 .text.HAL_UART_AbortTransmit_IT
                0x00000000080049f0       0xa0 Drivers/STM32F1xx_HAL_Driver/Src/stm32f1xx_hal_uart.o
                0x00000000080049f0                HAL_UART_AbortTransmit_IT
 .text.HAL_UART_AbortReceive_IT
                0x0000000008004a90       0xb0 Drivers/STM32F1xx_HAL_Driver/Src/stm32f1xx_hal_uart.o
                0x0000000008004a90                HAL_UART_AbortReceive_IT
 .text.HAL_UART_IRQHandler
                0x0000000008004b40      0x200 Drivers/STM32F1xx_HAL_Driver/Src/stm32f1xx_hal_uart.o
                0x0000000008004b40                HAL_UART_IRQHandler
 .text.HAL_UART_ErrorCallback
                0x0000000008004d40       0x12 Drivers/STM32F1xx_HAL_Driver/Src/stm32f1xx_hal_uart.o
                0x0000000008004d40                HAL_UART_ErrorCallback
 .text.HAL_UART_AbortTransmitCpltCallback
                0x0000000008004d52       0x12 Drivers/STM32F1xx_HAL_Driver/Src/stm32f1xx_hal_uart.o
                0x0000000008004d52                HAL_UART_AbortTransmitCpltCallback
 .text.HAL_UART_AbortReceiveCpltCallback
                0x0000000008004d64       0x12 Drivers/STM32F1xx_HAL_Driver/Src/stm32f1xx_hal_uart.o
                0x0000000008004d64                HAL_UART_AbortReceiveCpltCallback
 .text.UART_EndRxTransfer
                0x0000000008004d76       0x3a Drivers/STM32F1xx_HAL_Driver/Src/stm32f1xx_hal_uart.o
 .text.UART_DMAAbortOnError
                0x0000000008004db0       0x28 Drivers/STM32F1xx_HAL_Driver/Src/stm32f1xx_hal_uart.o
 .text.UART_DMATxOnlyAbortCallback
                0x0000000008004dd8       0x2a Drivers/STM32F1xx_HAL_Driver/Src/stm32f1xx_hal_uart.o
 .text.UART_DMARxOnlyAbortCallback
                0x0000000008004e02       0x2a Drivers/STM32F1xx_HAL_Driver/Src/stm32f1xx_hal_uart.o
 .text.UART_Transmit_IT
                0x0000000008004e2c       0x9e Drivers/STM32F1xx_HAL_Driver/Src/stm32f1xx_hal_uart.o
 .text.UART_EndTransmit_IT
                0x0000000008004eca       0x30 Drivers/STM32F1xx_HAL_Driver/Src/stm32f1xx_hal_uart.o
 .text.UART_Receive_IT
                0x0000000008004efa      0x100 Drivers/STM32F1xx_HAL_Driver/Src/stm32f1xx_hal_uart.o
 *fill*         0x0000000008004ffa        0x2 
 .text.UART_SetConfig
                0x0000000008004ffc      0x11c Drivers/STM32F1xx_HAL_Driver/Src/stm32f1xx_hal_uart.o
 .text.eMBRegInputCB
                0x0000000008005118       0xa8 Drivers/modbus/app/user_mb_app.o
                0x0000000008005118                eMBRegInputCB
 .text.eMBRegHoldingCB
                0x00000000080051c0       0x26 Drivers/modbus/app/user_mb_app.o
                0x00000000080051c0                eMBRegHoldingCB
 .text.eMBRegCoilsCB
                0x00000000080051e6       0x26 Drivers/modbus/app/user_mb_app.o
                0x00000000080051e6                eMBRegCoilsCB
 .text.eMBRegDiscreteCB
                0x000000000800520c       0x1c Drivers/modbus/app/user_mb_app.o
                0x000000000800520c                eMBRegDiscreteCB
 .text.eMBFuncReadCoils
                0x0000000008005228       0xfe Drivers/modbus/functions/mbfunccoils.o
                0x0000000008005228                eMBFuncReadCoils
 .text.eMBFuncWriteCoil
                0x0000000008005326       0xa6 Drivers/modbus/functions/mbfunccoils.o
                0x0000000008005326                eMBFuncWriteCoil
 .text.eMBFuncWriteMultipleCoils
                0x00000000080053cc       0xce Drivers/modbus/functions/mbfunccoils.o
                0x00000000080053cc                eMBFuncWriteMultipleCoils
 .text.eMBFuncReadDiscreteInputs
                0x000000000800549a       0xfe Drivers/modbus/functions/mbfuncdisc.o
                0x000000000800549a                eMBFuncReadDiscreteInputs
 .text.eMBFuncWriteHoldingRegister
                0x0000000008005598       0x6a Drivers/modbus/functions/mbfuncholding.o
                0x0000000008005598                eMBFuncWriteHoldingRegister
 .text.eMBFuncWriteMultipleHoldingRegister
                0x0000000008005602       0xb2 Drivers/modbus/functions/mbfuncholding.o
                0x0000000008005602                eMBFuncWriteMultipleHoldingRegister
 .text.eMBFuncReadHoldingRegister
                0x00000000080056b4       0xe4 Drivers/modbus/functions/mbfuncholding.o
                0x00000000080056b4                eMBFuncReadHoldingRegister
 .text.eMBFuncReadWriteMultipleHoldingRegister
                0x0000000008005798      0x154 Drivers/modbus/functions/mbfuncholding.o
                0x0000000008005798                eMBFuncReadWriteMultipleHoldingRegister
 .text.eMBFuncReadInputRegister
                0x00000000080058ec       0xe4 Drivers/modbus/functions/mbfuncinput.o
                0x00000000080058ec                eMBFuncReadInputRegister
 .text.eMBFuncReportSlaveID
                0x00000000080059d0       0x38 Drivers/modbus/functions/mbfuncother.o
                0x00000000080059d0                eMBFuncReportSlaveID
 .text.prveMBError2Exception
                0x0000000008005a08       0x3c Drivers/modbus/functions/mbutils.o
                0x0000000008005a08                prveMBError2Exception
 .text.eMBInit  0x0000000008005a44       0xf8 Drivers/modbus/mb.o
                0x0000000008005a44                eMBInit
 .text.eMBEnable
                0x0000000008005b3c       0x38 Drivers/modbus/mb.o
                0x0000000008005b3c                eMBEnable
 .text.eMBPoll  0x0000000008005b74      0x188 Drivers/modbus/mb.o
                0x0000000008005b74                eMBPoll
 .text.__critical_enter
                0x0000000008005cfc       0x1c Drivers/modbus/port/portcritical.o
                0x0000000008005cfc                __critical_enter
 .text.__critical_exit
                0x0000000008005d18       0x24 Drivers/modbus/port/portcritical.o
                0x0000000008005d18                __critical_exit
 .text.xMBPortEventInit
                0x0000000008005d3c       0x18 Drivers/modbus/port/portevent.o
                0x0000000008005d3c                xMBPortEventInit
 .text.xMBPortEventPost
                0x0000000008005d54       0x2c Drivers/modbus/port/portevent.o
                0x0000000008005d54                xMBPortEventPost
 .text.xMBPortEventGet
                0x0000000008005d80       0x3c Drivers/modbus/port/portevent.o
                0x0000000008005d80                xMBPortEventGet
 .text.xMBPortSerialInit
                0x0000000008005dbc       0x24 Drivers/modbus/port/portserial.o
                0x0000000008005dbc                xMBPortSerialInit
 .text.vMBPortSerialEnable
                0x0000000008005de0       0x78 Drivers/modbus/port/portserial.o
                0x0000000008005de0                vMBPortSerialEnable
 .text.xMBPortSerialPutBytes
                0x0000000008005e58       0x28 Drivers/modbus/port/portserial.o
                0x0000000008005e58                xMBPortSerialPutBytes
 .text.xMBPortSerialGetByte
                0x0000000008005e80       0x20 Drivers/modbus/port/portserial.o
                0x0000000008005e80                xMBPortSerialGetByte
 .text.HAL_UART_RxCpltCallback
                0x0000000008005ea0       0x40 Drivers/modbus/port/portserial.o
                0x0000000008005ea0                HAL_UART_RxCpltCallback
 .text.HAL_UART_TxCpltCallback
                0x0000000008005ee0       0x2c Drivers/modbus/port/portserial.o
                0x0000000008005ee0                HAL_UART_TxCpltCallback
 .text.xMBPortTimersInit
                0x0000000008005f0c       0x2c Drivers/modbus/port/porttimer.o
                0x0000000008005f0c                xMBPortTimersInit
 .text.vMBPortTimersEnable
                0x0000000008005f38       0x20 Drivers/modbus/port/porttimer.o
                0x0000000008005f38                vMBPortTimersEnable
 .text.vMBPortTimersDisable
                0x0000000008005f58       0x18 Drivers/modbus/port/porttimer.o
                0x0000000008005f58                vMBPortTimersDisable
 .text.HAL_TIM_PeriodElapsedCallback
                0x0000000008005f70       0x4c Drivers/modbus/port/porttimer.o
                0x0000000008005f70                HAL_TIM_PeriodElapsedCallback
 .text.usMBCRC16
                0x0000000008005fbc       0x6c Drivers/modbus/rtu/mbcrc.o
                0x0000000008005fbc                usMBCRC16
 .text.eMBRTUInit
                0x0000000008006028       0x70 Drivers/modbus/rtu/mbrtu.o
                0x0000000008006028                eMBRTUInit
 .text.eMBRTUStart
                0x0000000008006098       0x28 Drivers/modbus/rtu/mbrtu.o
                0x0000000008006098                eMBRTUStart
 .text.eMBRTUStop
                0x00000000080060c0       0x1c Drivers/modbus/rtu/mbrtu.o
                0x00000000080060c0                eMBRTUStop
 .text.eMBRTUReceive
                0x00000000080060dc       0x70 Drivers/modbus/rtu/mbrtu.o
                0x00000000080060dc                eMBRTUReceive
 .text.eMBRTUSend
                0x000000000800614c       0xc8 Drivers/modbus/rtu/mbrtu.o
                0x000000000800614c                eMBRTUSend
 .text.xMBRTUReceiveFSM
                0x0000000008006214       0xac Drivers/modbus/rtu/mbrtu.o
                0x0000000008006214                xMBRTUReceiveFSM
 .text.xMBRTUTransmitFSM
                0x00000000080062c0       0x78 Drivers/modbus/rtu/mbrtu.o
                0x00000000080062c0                xMBRTUTransmitFSM
 .text.xMBRTUTimerT35Expired
                0x0000000008006338       0x50 Drivers/modbus/rtu/mbrtu.o
                0x0000000008006338                xMBRTUTimerT35Expired
 .text.__errno  0x0000000008006388        0xc c:/st/stm32cubeide_1.4.0/stm32cubeide/plugins/com.st.stm32cube.ide.mcu.externaltools.gnu-tools-for-stm32.7-2018-q2-update.win32_1.4.0.202007081208/tools/bin/../lib/gcc/arm-none-eabi/7.3.1/../../../../arm-none-eabi/lib/thumb/v7-m\libc_nano.a(lib_a-errno.o)
                0x0000000008006388                __errno
 .text.__libc_init_array
                0x0000000008006394       0x48 c:/st/stm32cubeide_1.4.0/stm32cubeide/plugins/com.st.stm32cube.ide.mcu.externaltools.gnu-tools-for-stm32.7-2018-q2-update.win32_1.4.0.202007081208/tools/bin/../lib/gcc/arm-none-eabi/7.3.1/../../../../arm-none-eabi/lib/thumb/v7-m\libc_nano.a(lib_a-init.o)
                0x0000000008006394                __libc_init_array
 .text.memcpy   0x00000000080063dc       0x16 c:/st/stm32cubeide_1.4.0/stm32cubeide/plugins/com.st.stm32cube.ide.mcu.externaltools.gnu-tools-for-stm32.7-2018-q2-update.win32_1.4.0.202007081208/tools/bin/../lib/gcc/arm-none-eabi/7.3.1/../../../../arm-none-eabi/lib/thumb/v7-m\libc_nano.a(lib_a-memcpy-stub.o)
                0x00000000080063dc                memcpy
 .text.memset   0x00000000080063f2       0x10 c:/st/stm32cubeide_1.4.0/stm32cubeide/plugins/com.st.stm32cube.ide.mcu.externaltools.gnu-tools-for-stm32.7-2018-q2-update.win32_1.4.0.202007081208/tools/bin/../lib/gcc/arm-none-eabi/7.3.1/../../../../arm-none-eabi/lib/thumb/v7-m\libc_nano.a(lib_a-memset.o)
                0x00000000080063f2                memset
 .text.__cvt    0x0000000008006402       0xb8 c:/st/stm32cubeide_1.4.0/stm32cubeide/plugins/com.st.stm32cube.ide.mcu.externaltools.gnu-tools-for-stm32.7-2018-q2-update.win32_1.4.0.202007081208/tools/bin/../lib/gcc/arm-none-eabi/7.3.1/../../../../arm-none-eabi/lib/thumb/v7-m\libc_nano.a(lib_a-nano-vfprintf_float.o)
                0x0000000008006402                __cvt
 .text.__exponent
                0x00000000080064ba       0x6a c:/st/stm32cubeide_1.4.0/stm32cubeide/plugins/com.st.stm32cube.ide.mcu.externaltools.gnu-tools-for-stm32.7-2018-q2-update.win32_1.4.0.202007081208/tools/bin/../lib/gcc/arm-none-eabi/7.3.1/../../../../arm-none-eabi/lib/thumb/v7-m\libc_nano.a(lib_a-nano-vfprintf_float.o)
                0x00000000080064ba                __exponent
 .text._printf_float
                0x0000000008006524      0x46c c:/st/stm32cubeide_1.4.0/stm32cubeide/plugins/com.st.stm32cube.ide.mcu.externaltools.gnu-tools-for-stm32.7-2018-q2-update.win32_1.4.0.202007081208/tools/bin/../lib/gcc/arm-none-eabi/7.3.1/../../../../arm-none-eabi/lib/thumb/v7-m\libc_nano.a(lib_a-nano-vfprintf_float.o)
                0x0000000008006524                _printf_float
 .text._printf_common
                0x0000000008006990       0xec c:/st/stm32cubeide_1.4.0/stm32cubeide/plugins/com.st.stm32cube.ide.mcu.externaltools.gnu-tools-for-stm32.7-2018-q2-update.win32_1.4.0.202007081208/tools/bin/../lib/gcc/arm-none-eabi/7.3.1/../../../../arm-none-eabi/lib/thumb/v7-m\libc_nano.a(lib_a-nano-vfprintf_i.o)
                0x0000000008006990                _printf_common
 .text._printf_i
                0x0000000008006a7c      0x224 c:/st/stm32cubeide_1.4.0/stm32cubeide/plugins/com.st.stm32cube.ide.mcu.externaltools.gnu-tools-for-stm32.7-2018-q2-update.win32_1.4.0.202007081208/tools/bin/../lib/gcc/arm-none-eabi/7.3.1/../../../../arm-none-eabi/lib/thumb/v7-m\libc_nano.a(lib_a-nano-vfprintf_i.o)
                0x0000000008006a7c                _printf_i
 .text._scanf_float
                0x0000000008006ca0      0x3c0 c:/st/stm32cubeide_1.4.0/stm32cubeide/plugins/com.st.stm32cube.ide.mcu.externaltools.gnu-tools-for-stm32.7-2018-q2-update.win32_1.4.0.202007081208/tools/bin/../lib/gcc/arm-none-eabi/7.3.1/../../../../arm-none-eabi/lib/thumb/v7-m\libc_nano.a(lib_a-nano-vfscanf_float.o)
                0x0000000008006ca0                _scanf_float
 .text.nanf     0x0000000008007060        0x8 c:/st/stm32cubeide_1.4.0/stm32cubeide/plugins/com.st.stm32cube.ide.mcu.externaltools.gnu-tools-for-stm32.7-2018-q2-update.win32_1.4.0.202007081208/tools/bin/../lib/gcc/arm-none-eabi/7.3.1/../../../../arm-none-eabi/lib/thumb/v7-m\libc_nano.a(lib_a-sf_nan.o)
                0x0000000008007060                nanf
 .text.sprintf  0x0000000008007068       0x40 c:/st/stm32cubeide_1.4.0/stm32cubeide/plugins/com.st.stm32cube.ide.mcu.externaltools.gnu-tools-for-stm32.7-2018-q2-update.win32_1.4.0.202007081208/tools/bin/../lib/gcc/arm-none-eabi/7.3.1/../../../../arm-none-eabi/lib/thumb/v7-m\libc_nano.a(lib_a-sprintf.o)
                0x0000000008007068                siprintf
                0x0000000008007068                sprintf
 .text.unlikely.sulp
                0x00000000080070a8       0x42 c:/st/stm32cubeide_1.4.0/stm32cubeide/plugins/com.st.stm32cube.ide.mcu.externaltools.gnu-tools-for-stm32.7-2018-q2-update.win32_1.4.0.202007081208/tools/bin/../lib/gcc/arm-none-eabi/7.3.1/../../../../arm-none-eabi/lib/thumb/v7-m\libc_nano.a(lib_a-strtod.o)
 *fill*         0x00000000080070ea        0x6 
 .text._strtod_l
                0x00000000080070f0      0xc00 c:/st/stm32cubeide_1.4.0/stm32cubeide/plugins/com.st.stm32cube.ide.mcu.externaltools.gnu-tools-for-stm32.7-2018-q2-update.win32_1.4.0.202007081208/tools/bin/../lib/gcc/arm-none-eabi/7.3.1/../../../../arm-none-eabi/lib/thumb/v7-m\libc_nano.a(lib_a-strtod.o)
                0x00000000080070f0                _strtod_l
 .text._strtod_r
                0x0000000008007cf0       0x20 c:/st/stm32cubeide_1.4.0/stm32cubeide/plugins/com.st.stm32cube.ide.mcu.externaltools.gnu-tools-for-stm32.7-2018-q2-update.win32_1.4.0.202007081208/tools/bin/../lib/gcc/arm-none-eabi/7.3.1/../../../../arm-none-eabi/lib/thumb/v7-m\libc_nano.a(lib_a-strtod.o)
                0x0000000008007cf0                _strtod_r
 .text._strtol_l.isra.0
                0x0000000008007d10       0xf6 c:/st/stm32cubeide_1.4.0/stm32cubeide/plugins/com.st.stm32cube.ide.mcu.externaltools.gnu-tools-for-stm32.7-2018-q2-update.win32_1.4.0.202007081208/tools/bin/../lib/gcc/arm-none-eabi/7.3.1/../../../../arm-none-eabi/lib/thumb/v7-m\libc_nano.a(lib_a-strtol.o)
 *fill*         0x0000000008007e06        0x2 
 .text._strtol_r
                0x0000000008007e08       0x24 c:/st/stm32cubeide_1.4.0/stm32cubeide/plugins/com.st.stm32cube.ide.mcu.externaltools.gnu-tools-for-stm32.7-2018-q2-update.win32_1.4.0.202007081208/tools/bin/../lib/gcc/arm-none-eabi/7.3.1/../../../../arm-none-eabi/lib/thumb/v7-m\libc_nano.a(lib_a-strtol.o)
                0x0000000008007e08                _strtol_r
 .text.quorem   0x0000000008007e2c      0x11c c:/st/stm32cubeide_1.4.0/stm32cubeide/plugins/com.st.stm32cube.ide.mcu.externaltools.gnu-tools-for-stm32.7-2018-q2-update.win32_1.4.0.202007081208/tools/bin/../lib/gcc/arm-none-eabi/7.3.1/../../../../arm-none-eabi/lib/thumb/v7-m\libc_nano.a(lib_a-dtoa.o)
 .text._dtoa_r  0x0000000008007f48      0xb68 c:/st/stm32cubeide_1.4.0/stm32cubeide/plugins/com.st.stm32cube.ide.mcu.externaltools.gnu-tools-for-stm32.7-2018-q2-update.win32_1.4.0.202007081208/tools/bin/../lib/gcc/arm-none-eabi/7.3.1/../../../../arm-none-eabi/lib/thumb/v7-m\libc_nano.a(lib_a-dtoa.o)
                0x0000000008007f48                _dtoa_r
 .text.rshift   0x0000000008008ab0       0x76 c:/st/stm32cubeide_1.4.0/stm32cubeide/plugins/com.st.stm32cube.ide.mcu.externaltools.gnu-tools-for-stm32.7-2018-q2-update.win32_1.4.0.202007081208/tools/bin/../lib/gcc/arm-none-eabi/7.3.1/../../../../arm-none-eabi/lib/thumb/v7-m\libc_nano.a(lib_a-gdtoa-gethex.o)
 .text.__hexdig_fun
                0x0000000008008b26       0x2a c:/st/stm32cubeide_1.4.0/stm32cubeide/plugins/com.st.stm32cube.ide.mcu.externaltools.gnu-tools-for-stm32.7-2018-q2-update.win32_1.4.0.202007081208/tools/bin/../lib/gcc/arm-none-eabi/7.3.1/../../../../arm-none-eabi/lib/thumb/v7-m\libc_nano.a(lib_a-gdtoa-gethex.o)
                0x0000000008008b26                __hexdig_fun
 .text.__gethex
                0x0000000008008b50      0x444 c:/st/stm32cubeide_1.4.0/stm32cubeide/plugins/com.st.stm32cube.ide.mcu.externaltools.gnu-tools-for-stm32.7-2018-q2-update.win32_1.4.0.202007081208/tools/bin/../lib/gcc/arm-none-eabi/7.3.1/../../../../arm-none-eabi/lib/thumb/v7-m\libc_nano.a(lib_a-gdtoa-gethex.o)
                0x0000000008008b50                __gethex
 .text.L_shift  0x0000000008008f94       0x24 c:/st/stm32cubeide_1.4.0/stm32cubeide/plugins/com.st.stm32cube.ide.mcu.externaltools.gnu-tools-for-stm32.7-2018-q2-update.win32_1.4.0.202007081208/tools/bin/../lib/gcc/arm-none-eabi/7.3.1/../../../../arm-none-eabi/lib/thumb/v7-m\libc_nano.a(lib_a-gdtoa-hexnan.o)
 .text.__match  0x0000000008008fb8       0x28 c:/st/stm32cubeide_1.4.0/stm32cubeide/plugins/com.st.stm32cube.ide.mcu.externaltools.gnu-tools-for-stm32.7-2018-q2-update.win32_1.4.0.202007081208/tools/bin/../lib/gcc/arm-none-eabi/7.3.1/../../../../arm-none-eabi/lib/thumb/v7-m\libc_nano.a(lib_a-gdtoa-hexnan.o)
                0x0000000008008fb8                __match
 .text.__hexnan
                0x0000000008008fe0      0x120 c:/st/stm32cubeide_1.4.0/stm32cubeide/plugins/com.st.stm32cube.ide.mcu.externaltools.gnu-tools-for-stm32.7-2018-q2-update.win32_1.4.0.202007081208/tools/bin/../lib/gcc/arm-none-eabi/7.3.1/../../../../arm-none-eabi/lib/thumb/v7-m\libc_nano.a(lib_a-gdtoa-hexnan.o)
                0x0000000008008fe0                __hexnan
 .text.__locale_ctype_ptr_l
                0x0000000008009100        0x6 c:/st/stm32cubeide_1.4.0/stm32cubeide/plugins/com.st.stm32cube.ide.mcu.externaltools.gnu-tools-for-stm32.7-2018-q2-update.win32_1.4.0.202007081208/tools/bin/../lib/gcc/arm-none-eabi/7.3.1/../../../../arm-none-eabi/lib/thumb/v7-m\libc_nano.a(lib_a-locale.o)
                0x0000000008009100                __locale_ctype_ptr_l
 .text.__localeconv_l
                0x0000000008009106        0x4 c:/st/stm32cubeide_1.4.0/stm32cubeide/plugins/com.st.stm32cube.ide.mcu.externaltools.gnu-tools-for-stm32.7-2018-q2-update.win32_1.4.0.202007081208/tools/bin/../lib/gcc/arm-none-eabi/7.3.1/../../../../arm-none-eabi/lib/thumb/v7-m\libc_nano.a(lib_a-localeconv.o)
                0x0000000008009106                __localeconv_l
 *fill*         0x000000000800910a        0x2 
 .text._localeconv_r
                0x000000000800910c       0x1c c:/st/stm32cubeide_1.4.0/stm32cubeide/plugins/com.st.stm32cube.ide.mcu.externaltools.gnu-tools-for-stm32.7-2018-q2-update.win32_1.4.0.202007081208/tools/bin/../lib/gcc/arm-none-eabi/7.3.1/../../../../arm-none-eabi/lib/thumb/v7-m\libc_nano.a(lib_a-localeconv.o)
                0x000000000800910c                _localeconv_r
 .text.malloc   0x0000000008009128       0x10 c:/st/stm32cubeide_1.4.0/stm32cubeide/plugins/com.st.stm32cube.ide.mcu.externaltools.gnu-tools-for-stm32.7-2018-q2-update.win32_1.4.0.202007081208/tools/bin/../lib/gcc/arm-none-eabi/7.3.1/../../../../arm-none-eabi/lib/thumb/v7-m\libc_nano.a(lib_a-malloc.o)
                0x0000000008009128                malloc
 .text.__ascii_mbtowc
                0x0000000008009138       0x24 c:/st/stm32cubeide_1.4.0/stm32cubeide/plugins/com.st.stm32cube.ide.mcu.externaltools.gnu-tools-for-stm32.7-2018-q2-update.win32_1.4.0.202007081208/tools/bin/../lib/gcc/arm-none-eabi/7.3.1/../../../../arm-none-eabi/lib/thumb/v7-m\libc_nano.a(lib_a-mbtowc_r.o)
                0x0000000008009138                __ascii_mbtowc
 .text.memchr   0x000000000800915c       0x1c c:/st/stm32cubeide_1.4.0/stm32cubeide/plugins/com.st.stm32cube.ide.mcu.externaltools.gnu-tools-for-stm32.7-2018-q2-update.win32_1.4.0.202007081208/tools/bin/../lib/gcc/arm-none-eabi/7.3.1/../../../../arm-none-eabi/lib/thumb/v7-m\libc_nano.a(lib_a-memchr-stub.o)
                0x000000000800915c                memchr
 .text._Balloc  0x0000000008009178       0x68 c:/st/stm32cubeide_1.4.0/stm32cubeide/plugins/com.st.stm32cube.ide.mcu.externaltools.gnu-tools-for-stm32.7-2018-q2-update.win32_1.4.0.202007081208/tools/bin/../lib/gcc/arm-none-eabi/7.3.1/../../../../arm-none-eabi/lib/thumb/v7-m\libc_nano.a(lib_a-mprec.o)
                0x0000000008009178                _Balloc
 .text._Bfree   0x00000000080091e0       0x2e c:/st/stm32cubeide_1.4.0/stm32cubeide/plugins/com.st.stm32cube.ide.mcu.externaltools.gnu-tools-for-stm32.7-2018-q2-update.win32_1.4.0.202007081208/tools/bin/../lib/gcc/arm-none-eabi/7.3.1/../../../../arm-none-eabi/lib/thumb/v7-m\libc_nano.a(lib_a-mprec.o)
                0x00000000080091e0                _Bfree
 .text.__multadd
                0x000000000800920e       0x76 c:/st/stm32cubeide_1.4.0/stm32cubeide/plugins/com.st.stm32cube.ide.mcu.externaltools.gnu-tools-for-stm32.7-2018-q2-update.win32_1.4.0.202007081208/tools/bin/../lib/gcc/arm-none-eabi/7.3.1/../../../../arm-none-eabi/lib/thumb/v7-m\libc_nano.a(lib_a-mprec.o)
                0x000000000800920e                __multadd
 .text.__s2b    0x0000000008009284       0x7c c:/st/stm32cubeide_1.4.0/stm32cubeide/plugins/com.st.stm32cube.ide.mcu.externaltools.gnu-tools-for-stm32.7-2018-q2-update.win32_1.4.0.202007081208/tools/bin/../lib/gcc/arm-none-eabi/7.3.1/../../../../arm-none-eabi/lib/thumb/v7-m\libc_nano.a(lib_a-mprec.o)
                0x0000000008009284                __s2b
 .text.__hi0bits
                0x0000000008009300       0x3e c:/st/stm32cubeide_1.4.0/stm32cubeide/plugins/com.st.stm32cube.ide.mcu.externaltools.gnu-tools-for-stm32.7-2018-q2-update.win32_1.4.0.202007081208/tools/bin/../lib/gcc/arm-none-eabi/7.3.1/../../../../arm-none-eabi/lib/thumb/v7-m\libc_nano.a(lib_a-mprec.o)
                0x0000000008009300                __hi0bits
 .text.__lo0bits
                0x000000000800933e       0x5e c:/st/stm32cubeide_1.4.0/stm32cubeide/plugins/com.st.stm32cube.ide.mcu.externaltools.gnu-tools-for-stm32.7-2018-q2-update.win32_1.4.0.202007081208/tools/bin/../lib/gcc/arm-none-eabi/7.3.1/../../../../arm-none-eabi/lib/thumb/v7-m\libc_nano.a(lib_a-mprec.o)
                0x000000000800933e                __lo0bits
 .text.__i2b    0x000000000800939c       0x12 c:/st/stm32cubeide_1.4.0/stm32cubeide/plugins/com.st.stm32cube.ide.mcu.externaltools.gnu-tools-for-stm32.7-2018-q2-update.win32_1.4.0.202007081208/tools/bin/../lib/gcc/arm-none-eabi/7.3.1/../../../../arm-none-eabi/lib/thumb/v7-m\libc_nano.a(lib_a-mprec.o)
                0x000000000800939c                __i2b
 .text.__multiply
                0x00000000080093ae      0x12a c:/st/stm32cubeide_1.4.0/stm32cubeide/plugins/com.st.stm32cube.ide.mcu.externaltools.gnu-tools-for-stm32.7-2018-q2-update.win32_1.4.0.202007081208/tools/bin/../lib/gcc/arm-none-eabi/7.3.1/../../../../arm-none-eabi/lib/thumb/v7-m\libc_nano.a(lib_a-mprec.o)
                0x00000000080093ae                __multiply
 .text.__pow5mult
                0x00000000080094d8       0x9c c:/st/stm32cubeide_1.4.0/stm32cubeide/plugins/com.st.stm32cube.ide.mcu.externaltools.gnu-tools-for-stm32.7-2018-q2-update.win32_1.4.0.202007081208/tools/bin/../lib/gcc/arm-none-eabi/7.3.1/../../../../arm-none-eabi/lib/thumb/v7-m\libc_nano.a(lib_a-mprec.o)
                0x00000000080094d8                __pow5mult
 .text.__lshift
                0x0000000008009574       0xa8 c:/st/stm32cubeide_1.4.0/stm32cubeide/plugins/com.st.stm32cube.ide.mcu.externaltools.gnu-tools-for-stm32.7-2018-q2-update.win32_1.4.0.202007081208/tools/bin/../lib/gcc/arm-none-eabi/7.3.1/../../../../arm-none-eabi/lib/thumb/v7-m\libc_nano.a(lib_a-mprec.o)
                0x0000000008009574                __lshift
 .text.__mcmp   0x000000000800961c       0x34 c:/st/stm32cubeide_1.4.0/stm32cubeide/plugins/com.st.stm32cube.ide.mcu.externaltools.gnu-tools-for-stm32.7-2018-q2-update.win32_1.4.0.202007081208/tools/bin/../lib/gcc/arm-none-eabi/7.3.1/../../../../arm-none-eabi/lib/thumb/v7-m\libc_nano.a(lib_a-mprec.o)
                0x000000000800961c                __mcmp
 .text.__mdiff  0x0000000008009650       0xbc c:/st/stm32cubeide_1.4.0/stm32cubeide/plugins/com.st.stm32cube.ide.mcu.externaltools.gnu-tools-for-stm32.7-2018-q2-update.win32_1.4.0.202007081208/tools/bin/../lib/gcc/arm-none-eabi/7.3.1/../../../../arm-none-eabi/lib/thumb/v7-m\libc_nano.a(lib_a-mprec.o)
                0x0000000008009650                __mdiff
 .text.__ulp    0x000000000800970c       0x48 c:/st/stm32cubeide_1.4.0/stm32cubeide/plugins/com.st.stm32cube.ide.mcu.externaltools.gnu-tools-for-stm32.7-2018-q2-update.win32_1.4.0.202007081208/tools/bin/../lib/gcc/arm-none-eabi/7.3.1/../../../../arm-none-eabi/lib/thumb/v7-m\libc_nano.a(lib_a-mprec.o)
                0x000000000800970c                __ulp
 .text.__b2d    0x0000000008009754       0xa4 c:/st/stm32cubeide_1.4.0/stm32cubeide/plugins/com.st.stm32cube.ide.mcu.externaltools.gnu-tools-for-stm32.7-2018-q2-update.win32_1.4.0.202007081208/tools/bin/../lib/gcc/arm-none-eabi/7.3.1/../../../../arm-none-eabi/lib/thumb/v7-m\libc_nano.a(lib_a-mprec.o)
                0x0000000008009754                __b2d
 .text.__d2b    0x00000000080097f8       0x9e c:/st/stm32cubeide_1.4.0/stm32cubeide/plugins/com.st.stm32cube.ide.mcu.externaltools.gnu-tools-for-stm32.7-2018-q2-update.win32_1.4.0.202007081208/tools/bin/../lib/gcc/arm-none-eabi/7.3.1/../../../../arm-none-eabi/lib/thumb/v7-m\libc_nano.a(lib_a-mprec.o)
                0x00000000080097f8                __d2b
 .text.__ratio  0x0000000008009896       0x5c c:/st/stm32cubeide_1.4.0/stm32cubeide/plugins/com.st.stm32cube.ide.mcu.externaltools.gnu-tools-for-stm32.7-2018-q2-update.win32_1.4.0.202007081208/tools/bin/../lib/gcc/arm-none-eabi/7.3.1/../../../../arm-none-eabi/lib/thumb/v7-m\libc_nano.a(lib_a-mprec.o)
                0x0000000008009896                __ratio
 .text.__copybits
                0x00000000080098f2       0x34 c:/st/stm32cubeide_1.4.0/stm32cubeide/plugins/com.st.stm32cube.ide.mcu.externaltools.gnu-tools-for-stm32.7-2018-q2-update.win32_1.4.0.202007081208/tools/bin/../lib/gcc/arm-none-eabi/7.3.1/../../../../arm-none-eabi/lib/thumb/v7-m\libc_nano.a(lib_a-mprec.o)
                0x00000000080098f2                __copybits
 .text.__any_on
                0x0000000008009926       0x42 c:/st/stm32cubeide_1.4.0/stm32cubeide/plugins/com.st.stm32cube.ide.mcu.externaltools.gnu-tools-for-stm32.7-2018-q2-update.win32_1.4.0.202007081208/tools/bin/../lib/gcc/arm-none-eabi/7.3.1/../../../../arm-none-eabi/lib/thumb/v7-m\libc_nano.a(lib_a-mprec.o)
                0x0000000008009926                __any_on
 .text._calloc_r
                0x0000000008009968       0x1c c:/st/stm32cubeide_1.4.0/stm32cubeide/plugins/com.st.stm32cube.ide.mcu.externaltools.gnu-tools-for-stm32.7-2018-q2-update.win32_1.4.0.202007081208/tools/bin/../lib/gcc/arm-none-eabi/7.3.1/../../../../arm-none-eabi/lib/thumb/v7-m\libc_nano.a(lib_a-nano-callocr.o)
                0x0000000008009968                _calloc_r
 .text._free_r  0x0000000008009984       0x98 c:/st/stm32cubeide_1.4.0/stm32cubeide/plugins/com.st.stm32cube.ide.mcu.externaltools.gnu-tools-for-stm32.7-2018-q2-update.win32_1.4.0.202007081208/tools/bin/../lib/gcc/arm-none-eabi/7.3.1/../../../../arm-none-eabi/lib/thumb/v7-m\libc_nano.a(lib_a-nano-freer.o)
                0x0000000008009984                _free_r
 .text._malloc_r
                0x0000000008009a1c       0xb4 c:/st/stm32cubeide_1.4.0/stm32cubeide/plugins/com.st.stm32cube.ide.mcu.externaltools.gnu-tools-for-stm32.7-2018-q2-update.win32_1.4.0.202007081208/tools/bin/../lib/gcc/arm-none-eabi/7.3.1/../../../../arm-none-eabi/lib/thumb/v7-m\libc_nano.a(lib_a-nano-mallocr.o)
                0x0000000008009a1c                _malloc_r
 .text.__ssputs_r
                0x0000000008009ad0       0xb4 c:/st/stm32cubeide_1.4.0/stm32cubeide/plugins/com.st.stm32cube.ide.mcu.externaltools.gnu-tools-for-stm32.7-2018-q2-update.win32_1.4.0.202007081208/tools/bin/../lib/gcc/arm-none-eabi/7.3.1/../../../../arm-none-eabi/lib/thumb/v7-m\libc_nano.a(lib_a-nano-svfprintf.o)
                0x0000000008009ad0                __ssputs_r
 .text._svfprintf_r
                0x0000000008009b84      0x1f0 c:/st/stm32cubeide_1.4.0/stm32cubeide/plugins/com.st.stm32cube.ide.mcu.externaltools.gnu-tools-for-stm32.7-2018-q2-update.win32_1.4.0.202007081208/tools/bin/../lib/gcc/arm-none-eabi/7.3.1/../../../../arm-none-eabi/lib/thumb/v7-m\libc_nano.a(lib_a-nano-svfprintf.o)
                0x0000000008009b84                _svfiprintf_r
                0x0000000008009b84                _svfprintf_r
 .text._sbrk_r  0x0000000008009d74       0x20 c:/st/stm32cubeide_1.4.0/stm32cubeide/plugins/com.st.stm32cube.ide.mcu.externaltools.gnu-tools-for-stm32.7-2018-q2-update.win32_1.4.0.202007081208/tools/bin/../lib/gcc/arm-none-eabi/7.3.1/../../../../arm-none-eabi/lib/thumb/v7-m\libc_nano.a(lib_a-sbrkr.o)
                0x0000000008009d74                _sbrk_r
 .text.strncmp  0x0000000008009d94       0x24 c:/st/stm32cubeide_1.4.0/stm32cubeide/plugins/com.st.stm32cube.ide.mcu.externaltools.gnu-tools-for-stm32.7-2018-q2-update.win32_1.4.0.202007081208/tools/bin/../lib/gcc/arm-none-eabi/7.3.1/../../../../arm-none-eabi/lib/thumb/v7-m\libc_nano.a(lib_a-strncmp.o)
                0x0000000008009d94                strncmp
 .text.__ascii_wctomb
                0x0000000008009db8       0x1a c:/st/stm32cubeide_1.4.0/stm32cubeide/plugins/com.st.stm32cube.ide.mcu.externaltools.gnu-tools-for-stm32.7-2018-q2-update.win32_1.4.0.202007081208/tools/bin/../lib/gcc/arm-none-eabi/7.3.1/../../../../arm-none-eabi/lib/thumb/v7-m\libc_nano.a(lib_a-wctomb_r.o)
                0x0000000008009db8                __ascii_wctomb
 .text.memmove  0x0000000008009dd2       0x32 c:/st/stm32cubeide_1.4.0/stm32cubeide/plugins/com.st.stm32cube.ide.mcu.externaltools.gnu-tools-for-stm32.7-2018-q2-update.win32_1.4.0.202007081208/tools/bin/../lib/gcc/arm-none-eabi/7.3.1/../../../../arm-none-eabi/lib/thumb/v7-m\libc_nano.a(lib_a-memmove.o)
                0x0000000008009dd2                memmove
 .text.__malloc_lock
                0x0000000008009e04        0x2 c:/st/stm32cubeide_1.4.0/stm32cubeide/plugins/com.st.stm32cube.ide.mcu.externaltools.gnu-tools-for-stm32.7-2018-q2-update.win32_1.4.0.202007081208/tools/bin/../lib/gcc/arm-none-eabi/7.3.1/../../../../arm-none-eabi/lib/thumb/v7-m\libc_nano.a(lib_a-mlock.o)
                0x0000000008009e04                __malloc_lock
 .text.__malloc_unlock
                0x0000000008009e06        0x2 c:/st/stm32cubeide_1.4.0/stm32cubeide/plugins/com.st.stm32cube.ide.mcu.externaltools.gnu-tools-for-stm32.7-2018-q2-update.win32_1.4.0.202007081208/tools/bin/../lib/gcc/arm-none-eabi/7.3.1/../../../../arm-none-eabi/lib/thumb/v7-m\libc_nano.a(lib_a-mlock.o)
                0x0000000008009e06                __malloc_unlock
 .text._realloc_r
                0x0000000008009e08       0x4c c:/st/stm32cubeide_1.4.0/stm32cubeide/plugins/com.st.stm32cube.ide.mcu.externaltools.gnu-tools-for-stm32.7-2018-q2-update.win32_1.4.0.202007081208/tools/bin/../lib/gcc/arm-none-eabi/7.3.1/../../../../arm-none-eabi/lib/thumb/v7-m\libc_nano.a(lib_a-nano-reallocr.o)
                0x0000000008009e08                _realloc_r
 .text._malloc_usable_size_r
                0x0000000008009e54       0x10 c:/st/stm32cubeide_1.4.0/stm32cubeide/plugins/com.st.stm32cube.ide.mcu.externaltools.gnu-tools-for-stm32.7-2018-q2-update.win32_1.4.0.202007081208/tools/bin/../lib/gcc/arm-none-eabi/7.3.1/../../../../arm-none-eabi/lib/thumb/v7-m\libc_nano.a(lib_a-nano-msizer.o)
                0x0000000008009e54                _malloc_usable_size_r
 *(.glue_7)
 .glue_7        0x0000000008009e64        0x0 linker stubs
 *(.glue_7t)
 .glue_7t       0x0000000008009e64        0x0 linker stubs
 *(.eh_frame)
 .eh_frame      0x0000000008009e64        0x0 c:/st/stm32cubeide_1.4.0/stm32cubeide/plugins/com.st.stm32cube.ide.mcu.externaltools.gnu-tools-for-stm32.7-2018-q2-update.win32_1.4.0.202007081208/tools/bin/../lib/gcc/arm-none-eabi/7.3.1/thumb/v7-m/crtbegin.o
 *(.init)
 .init          0x0000000008009e64        0x4 c:/st/stm32cubeide_1.4.0/stm32cubeide/plugins/com.st.stm32cube.ide.mcu.externaltools.gnu-tools-for-stm32.7-2018-q2-update.win32_1.4.0.202007081208/tools/bin/../lib/gcc/arm-none-eabi/7.3.1/thumb/v7-m/crti.o
                0x0000000008009e64                _init
 .init          0x0000000008009e68        0x8 c:/st/stm32cubeide_1.4.0/stm32cubeide/plugins/com.st.stm32cube.ide.mcu.externaltools.gnu-tools-for-stm32.7-2018-q2-update.win32_1.4.0.202007081208/tools/bin/../lib/gcc/arm-none-eabi/7.3.1/thumb/v7-m/crtn.o
 *(.fini)
 .fini          0x0000000008009e70        0x4 c:/st/stm32cubeide_1.4.0/stm32cubeide/plugins/com.st.stm32cube.ide.mcu.externaltools.gnu-tools-for-stm32.7-2018-q2-update.win32_1.4.0.202007081208/tools/bin/../lib/gcc/arm-none-eabi/7.3.1/thumb/v7-m/crti.o
                0x0000000008009e70                _fini
 .fini          0x0000000008009e74        0x8 c:/st/stm32cubeide_1.4.0/stm32cubeide/plugins/com.st.stm32cube.ide.mcu.externaltools.gnu-tools-for-stm32.7-2018-q2-update.win32_1.4.0.202007081208/tools/bin/../lib/gcc/arm-none-eabi/7.3.1/thumb/v7-m/crtn.o
                0x0000000008009e7c                . = ALIGN (0x4)
                0x0000000008009e7c                _etext = .

.vfp11_veneer   0x0000000008009e7c        0x0
 .vfp11_veneer  0x0000000008009e7c        0x0 linker stubs

.v4_bx          0x0000000008009e7c        0x0
 .v4_bx         0x0000000008009e7c        0x0 linker stubs

.iplt           0x0000000008009e7c        0x0
 .iplt          0x0000000008009e7c        0x0 c:/st/stm32cubeide_1.4.0/stm32cubeide/plugins/com.st.stm32cube.ide.mcu.externaltools.gnu-tools-for-stm32.7-2018-q2-update.win32_1.4.0.202007081208/tools/bin/../lib/gcc/arm-none-eabi/7.3.1/thumb/v7-m/crtbegin.o

.rodata         0x0000000008009e80     0x1278
                0x0000000008009e80                . = ALIGN (0x4)
 *(.rodata)
 .rodata        0x0000000008009e80      0x155 Core/Src/main.o
 *fill*         0x0000000008009fd5        0x3 
 .rodata        0x0000000008009fd8       0x12 Drivers/STM32F1xx_HAL_Driver/Src/stm32f1xx_hal_rcc.o
 *(.rodata*)
 *fill*         0x0000000008009fea        0x2 
 .rodata.NewBFontLAT
                0x0000000008009fec      0xc40 Core/Src/RV_ST7735.o
                0x0000000008009fec                NewBFontLAT
 .rodata.AHBPrescTable
                0x000000000800ac2c       0x10 Core/Src/system_stm32f1xx.o
                0x000000000800ac2c                AHBPrescTable
 .rodata.APBPrescTable
                0x000000000800ac3c        0x8 Core/Src/system_stm32f1xx.o
                0x000000000800ac3c                APBPrescTable
 .rodata.aucCRCHi
                0x000000000800ac44      0x100 Drivers/modbus/rtu/mbcrc.o
 .rodata.aucCRCLo
                0x000000000800ad44      0x100 Drivers/modbus/rtu/mbcrc.o
 .rodata._printf_float.str1.1
                0x000000000800ae44       0x12 c:/st/stm32cubeide_1.4.0/stm32cubeide/plugins/com.st.stm32cube.ide.mcu.externaltools.gnu-tools-for-stm32.7-2018-q2-update.win32_1.4.0.202007081208/tools/bin/../lib/gcc/arm-none-eabi/7.3.1/../../../../arm-none-eabi/lib/thumb/v7-m\libc_nano.a(lib_a-nano-vfprintf_float.o)
 .rodata._printf_i.str1.1
                0x000000000800ae56       0x22 c:/st/stm32cubeide_1.4.0/stm32cubeide/plugins/com.st.stm32cube.ide.mcu.externaltools.gnu-tools-for-stm32.7-2018-q2-update.win32_1.4.0.202007081208/tools/bin/../lib/gcc/arm-none-eabi/7.3.1/../../../../arm-none-eabi/lib/thumb/v7-m\libc_nano.a(lib_a-nano-vfprintf_i.o)
 .rodata._scanf_float.str1.1
                0x000000000800ae78        0x5 c:/st/stm32cubeide_1.4.0/stm32cubeide/plugins/com.st.stm32cube.ide.mcu.externaltools.gnu-tools-for-stm32.7-2018-q2-update.win32_1.4.0.202007081208/tools/bin/../lib/gcc/arm-none-eabi/7.3.1/../../../../arm-none-eabi/lib/thumb/v7-m\libc_nano.a(lib_a-nano-vfscanf_float.o)
 .rodata._strtod_l.str1.1
                0x000000000800ae7d        0x5 c:/st/stm32cubeide_1.4.0/stm32cubeide/plugins/com.st.stm32cube.ide.mcu.externaltools.gnu-tools-for-stm32.7-2018-q2-update.win32_1.4.0.202007081208/tools/bin/../lib/gcc/arm-none-eabi/7.3.1/../../../../arm-none-eabi/lib/thumb/v7-m\libc_nano.a(lib_a-strtod.o)
                                          0xc (size before relaxing)
 *fill*         0x000000000800ae7d        0x3 
 .rodata.fpi.6160
                0x000000000800ae80       0x14 c:/st/stm32cubeide_1.4.0/stm32cubeide/plugins/com.st.stm32cube.ide.mcu.externaltools.gnu-tools-for-stm32.7-2018-q2-update.win32_1.4.0.202007081208/tools/bin/../lib/gcc/arm-none-eabi/7.3.1/../../../../arm-none-eabi/lib/thumb/v7-m\libc_nano.a(lib_a-strtod.o)
 .rodata.fpinan.6196
                0x000000000800ae94       0x14 c:/st/stm32cubeide_1.4.0/stm32cubeide/plugins/com.st.stm32cube.ide.mcu.externaltools.gnu-tools-for-stm32.7-2018-q2-update.win32_1.4.0.202007081208/tools/bin/../lib/gcc/arm-none-eabi/7.3.1/../../../../arm-none-eabi/lib/thumb/v7-m\libc_nano.a(lib_a-strtod.o)
 .rodata.tinytens
                0x000000000800aea8       0x28 c:/st/stm32cubeide_1.4.0/stm32cubeide/plugins/com.st.stm32cube.ide.mcu.externaltools.gnu-tools-for-stm32.7-2018-q2-update.win32_1.4.0.202007081208/tools/bin/../lib/gcc/arm-none-eabi/7.3.1/../../../../arm-none-eabi/lib/thumb/v7-m\libc_nano.a(lib_a-strtod.o)
 .rodata._dtoa_r.str1.1
                0x000000000800aed0        0xd c:/st/stm32cubeide_1.4.0/stm32cubeide/plugins/com.st.stm32cube.ide.mcu.externaltools.gnu-tools-for-stm32.7-2018-q2-update.win32_1.4.0.202007081208/tools/bin/../lib/gcc/arm-none-eabi/7.3.1/../../../../arm-none-eabi/lib/thumb/v7-m\libc_nano.a(lib_a-dtoa.o)
                                          0xf (size before relaxing)
 .rodata._setlocale_r.str1.1
                0x000000000800aedd        0x8 c:/st/stm32cubeide_1.4.0/stm32cubeide/plugins/com.st.stm32cube.ide.mcu.externaltools.gnu-tools-for-stm32.7-2018-q2-update.win32_1.4.0.202007081208/tools/bin/../lib/gcc/arm-none-eabi/7.3.1/../../../../arm-none-eabi/lib/thumb/v7-m\libc_nano.a(lib_a-locale.o)
                                          0x9 (size before relaxing)
 .rodata.str1.1
                0x000000000800aee5        0x2 c:/st/stm32cubeide_1.4.0/stm32cubeide/plugins/com.st.stm32cube.ide.mcu.externaltools.gnu-tools-for-stm32.7-2018-q2-update.win32_1.4.0.202007081208/tools/bin/../lib/gcc/arm-none-eabi/7.3.1/../../../../arm-none-eabi/lib/thumb/v7-m\libc_nano.a(lib_a-locale.o)
 *fill*         0x000000000800aee7        0x1 
 .rodata.__mprec_bigtens
                0x000000000800aee8       0x28 c:/st/stm32cubeide_1.4.0/stm32cubeide/plugins/com.st.stm32cube.ide.mcu.externaltools.gnu-tools-for-stm32.7-2018-q2-update.win32_1.4.0.202007081208/tools/bin/../lib/gcc/arm-none-eabi/7.3.1/../../../../arm-none-eabi/lib/thumb/v7-m\libc_nano.a(lib_a-mprec.o)
                0x000000000800aee8                __mprec_bigtens
 .rodata.__mprec_tens
                0x000000000800af10       0xc8 c:/st/stm32cubeide_1.4.0/stm32cubeide/plugins/com.st.stm32cube.ide.mcu.externaltools.gnu-tools-for-stm32.7-2018-q2-update.win32_1.4.0.202007081208/tools/bin/../lib/gcc/arm-none-eabi/7.3.1/../../../../arm-none-eabi/lib/thumb/v7-m\libc_nano.a(lib_a-mprec.o)
                0x000000000800af10                __mprec_tens
 .rodata.p05.6084
                0x000000000800afd8        0xc c:/st/stm32cubeide_1.4.0/stm32cubeide/plugins/com.st.stm32cube.ide.mcu.externaltools.gnu-tools-for-stm32.7-2018-q2-update.win32_1.4.0.202007081208/tools/bin/../lib/gcc/arm-none-eabi/7.3.1/../../../../arm-none-eabi/lib/thumb/v7-m\libc_nano.a(lib_a-mprec.o)
 .rodata._svfprintf_r.str1.1
                0x000000000800afe4       0x11 c:/st/stm32cubeide_1.4.0/stm32cubeide/plugins/com.st.stm32cube.ide.mcu.externaltools.gnu-tools-for-stm32.7-2018-q2-update.win32_1.4.0.202007081208/tools/bin/../lib/gcc/arm-none-eabi/7.3.1/../../../../arm-none-eabi/lib/thumb/v7-m\libc_nano.a(lib_a-nano-svfprintf.o)
 .rodata._ctype_
                0x000000000800aff5      0x101 c:/st/stm32cubeide_1.4.0/stm32cubeide/plugins/com.st.stm32cube.ide.mcu.externaltools.gnu-tools-for-stm32.7-2018-q2-update.win32_1.4.0.202007081208/tools/bin/../lib/gcc/arm-none-eabi/7.3.1/../../../../arm-none-eabi/lib/thumb/v7-m\libc_nano.a(lib_a-ctype_.o)
                0x000000000800aff5                _ctype_
                0x000000000800b0f8                . = ALIGN (0x4)
 *fill*         0x000000000800b0f6        0x2 

.rel.dyn        0x000000000800b0f8        0x0
 .rel.iplt      0x000000000800b0f8        0x0 c:/st/stm32cubeide_1.4.0/stm32cubeide/plugins/com.st.stm32cube.ide.mcu.externaltools.gnu-tools-for-stm32.7-2018-q2-update.win32_1.4.0.202007081208/tools/bin/../lib/gcc/arm-none-eabi/7.3.1/thumb/v7-m/crtbegin.o

.ARM.extab      0x000000000800b0f8        0x0
                0x000000000800b0f8                . = ALIGN (0x4)
 *(.ARM.extab* .gnu.linkonce.armextab.*)
                0x000000000800b0f8                . = ALIGN (0x4)

.ARM            0x000000000800b0f8        0x0
                0x000000000800b0f8                . = ALIGN (0x4)
                0x000000000800b0f8                __exidx_start = .
 *(.ARM.exidx*)
                0x000000000800b0f8                __exidx_end = .
                0x000000000800b0f8                . = ALIGN (0x4)

.preinit_array  0x000000000800b0f8        0x0
                0x000000000800b0f8                . = ALIGN (0x4)
                0x000000000800b0f8                PROVIDE (__preinit_array_start = .)
 *(.preinit_array*)
                0x000000000800b0f8                PROVIDE (__preinit_array_end = .)
                0x000000000800b0f8                . = ALIGN (0x4)

.init_array     0x000000000800b0f8        0x4
                0x000000000800b0f8                . = ALIGN (0x4)
                0x000000000800b0f8                PROVIDE (__init_array_start = .)
 *(SORT_BY_NAME(.init_array.*))
 *(.init_array*)
 .init_array    0x000000000800b0f8        0x4 c:/st/stm32cubeide_1.4.0/stm32cubeide/plugins/com.st.stm32cube.ide.mcu.externaltools.gnu-tools-for-stm32.7-2018-q2-update.win32_1.4.0.202007081208/tools/bin/../lib/gcc/arm-none-eabi/7.3.1/thumb/v7-m/crtbegin.o
                0x000000000800b0fc                PROVIDE (__init_array_end = .)
                0x000000000800b0fc                . = ALIGN (0x4)

.fini_array     0x000000000800b0fc        0x4
                0x000000000800b0fc                . = ALIGN (0x4)
                [!provide]                        PROVIDE (__fini_array_start = .)
 *(SORT_BY_NAME(.fini_array.*))
 *(.fini_array*)
 .fini_array    0x000000000800b0fc        0x4 c:/st/stm32cubeide_1.4.0/stm32cubeide/plugins/com.st.stm32cube.ide.mcu.externaltools.gnu-tools-for-stm32.7-2018-q2-update.win32_1.4.0.202007081208/tools/bin/../lib/gcc/arm-none-eabi/7.3.1/thumb/v7-m/crtbegin.o
                [!provide]                        PROVIDE (__fini_array_end = .)
                0x000000000800b100                . = ALIGN (0x4)
                0x000000000800b100                _sidata = LOADADDR (.data)

.data           0x0000000020000000      0x25c load address 0x000000000800b100
                0x0000000020000000                . = ALIGN (0x4)
                0x0000000020000000                _sdata = .
 *(.data)
 *(.data*)
 .data.SystemCoreClock
                0x0000000020000000        0x4 Core/Src/system_stm32f1xx.o
                0x0000000020000000                SystemCoreClock
 .data.uwTickPrio
                0x0000000020000004        0x4 Drivers/STM32F1xx_HAL_Driver/Src/stm32f1xx_hal.o
                0x0000000020000004                uwTickPrio
 .data.uwTickFreq
                0x0000000020000008        0x1 Drivers/STM32F1xx_HAL_Driver/Src/stm32f1xx_hal.o
                0x0000000020000008                uwTickFreq
 .data.eMBState
                0x0000000020000009        0x1 Drivers/modbus/mb.o
 *fill*         0x000000002000000a        0x2 
 .data.xFuncHandlers
                0x000000002000000c       0x80 Drivers/modbus/mb.o
 .data._impure_ptr
                0x000000002000008c        0x4 c:/st/stm32cubeide_1.4.0/stm32cubeide/plugins/com.st.stm32cube.ide.mcu.externaltools.gnu-tools-for-stm32.7-2018-q2-update.win32_1.4.0.202007081208/tools/bin/../lib/gcc/arm-none-eabi/7.3.1/../../../../arm-none-eabi/lib/thumb/v7-m\libc_nano.a(lib_a-impure.o)
                0x000000002000008c                _impure_ptr
 .data.impure_data
                0x0000000020000090       0x60 c:/st/stm32cubeide_1.4.0/stm32cubeide/plugins/com.st.stm32cube.ide.mcu.externaltools.gnu-tools-for-stm32.7-2018-q2-update.win32_1.4.0.202007081208/tools/bin/../lib/gcc/arm-none-eabi/7.3.1/../../../../arm-none-eabi/lib/thumb/v7-m\libc_nano.a(lib_a-impure.o)
 .data.__global_locale
                0x00000000200000f0      0x16c c:/st/stm32cubeide_1.4.0/stm32cubeide/plugins/com.st.stm32cube.ide.mcu.externaltools.gnu-tools-for-stm32.7-2018-q2-update.win32_1.4.0.202007081208/tools/bin/../lib/gcc/arm-none-eabi/7.3.1/../../../../arm-none-eabi/lib/thumb/v7-m\libc_nano.a(lib_a-locale.o)
                0x00000000200000f0                __global_locale
                0x000000002000025c                . = ALIGN (0x4)
                0x000000002000025c                _edata = .

.igot.plt       0x000000002000025c        0x0 load address 0x000000000800b35c
 .igot.plt      0x000000002000025c        0x0 c:/st/stm32cubeide_1.4.0/stm32cubeide/plugins/com.st.stm32cube.ide.mcu.externaltools.gnu-tools-for-stm32.7-2018-q2-update.win32_1.4.0.202007081208/tools/bin/../lib/gcc/arm-none-eabi/7.3.1/thumb/v7-m/crtbegin.o
                0x000000002000025c                . = ALIGN (0x4)

.bss            0x000000002000025c      0x634 load address 0x000000000800b35c
                0x000000002000025c                _sbss = .
                0x000000002000025c                __bss_start__ = _sbss
 *(.bss)
 .bss           0x000000002000025c       0x1c c:/st/stm32cubeide_1.4.0/stm32cubeide/plugins/com.st.stm32cube.ide.mcu.externaltools.gnu-tools-for-stm32.7-2018-q2-update.win32_1.4.0.202007081208/tools/bin/../lib/gcc/arm-none-eabi/7.3.1/thumb/v7-m/crtbegin.o
 *(.bss*)
 .bss.Dev_ID    0x0000000020000278       0x40 Core/Src/main.o
                0x0000000020000278                Dev_ID
 .bss.__sbrk_heap_end
                0x00000000200002b8        0x4 Core/Src/sysmem.o
 .bss.usSRegInStart
                0x00000000200002bc        0x2 Drivers/modbus/app/user_mb_app.o
                0x00000000200002bc                usSRegInStart
 *fill*         0x00000000200002be        0x2 
 .bss.ucMBSlaveID
                0x00000000200002c0       0x20 Drivers/modbus/functions/mbfuncother.o
 .bss.usMBSlaveIDLen
                0x00000000200002e0        0x2 Drivers/modbus/functions/mbfuncother.o
 .bss.ucMBAddress
                0x00000000200002e2        0x1 Drivers/modbus/mb.o
 .bss.eMBCurrentMode
                0x00000000200002e3        0x1 Drivers/modbus/mb.o
 .bss.peMBFrameSendCur
                0x00000000200002e4        0x4 Drivers/modbus/mb.o
 .bss.pvMBFrameStartCur
                0x00000000200002e8        0x4 Drivers/modbus/mb.o
 .bss.pvMBFrameStopCur
                0x00000000200002ec        0x4 Drivers/modbus/mb.o
 .bss.peMBFrameReceiveCur
                0x00000000200002f0        0x4 Drivers/modbus/mb.o
 .bss.pvMBFrameCloseCur
                0x00000000200002f4        0x4 Drivers/modbus/mb.o
 .bss.ucRcvAddress.7479
                0x00000000200002f8        0x1 Drivers/modbus/mb.o
 *fill*         0x00000000200002f9        0x3 
 .bss.ucMBFrame.7478
                0x00000000200002fc        0x4 Drivers/modbus/mb.o
 .bss.usLength.7481
                0x0000000020000300        0x2 Drivers/modbus/mb.o
 .bss.ucFunctionCode.7480
                0x0000000020000302        0x1 Drivers/modbus/mb.o
 .bss.eException.7482
                0x0000000020000303        0x1 Drivers/modbus/mb.o
 .bss.lock_count
                0x0000000020000304        0x4 Drivers/modbus/port/portcritical.o
 .bss.eQueuedEvent
                0x0000000020000308        0x1 Drivers/modbus/port/portevent.o
 .bss.xEventInQueue
                0x0000000020000309        0x1 Drivers/modbus/port/portevent.o
 .bss.singlechar
                0x000000002000030a        0x1 Drivers/modbus/port/portserial.o
 *fill*         0x000000002000030b        0x1 
 .bss.timeout   0x000000002000030c        0x2 Drivers/modbus/port/porttimer.o
 .bss.counter   0x000000002000030e        0x2 Drivers/modbus/port/porttimer.o
                0x000000002000030e                counter
 .bss.eSndState
                0x0000000020000310        0x1 Drivers/modbus/rtu/mbrtu.o
 .bss.eRcvState
                0x0000000020000311        0x1 Drivers/modbus/rtu/mbrtu.o
 *fill*         0x0000000020000312        0x2 
 .bss.pucSndBufferCur
                0x0000000020000314        0x4 Drivers/modbus/rtu/mbrtu.o
 .bss.usSndBufferCount
                0x0000000020000318        0x2 Drivers/modbus/rtu/mbrtu.o
 .bss.usRcvBufferPos
                0x000000002000031a        0x2 Drivers/modbus/rtu/mbrtu.o
 .bss.__malloc_free_list
                0x000000002000031c        0x4 c:/st/stm32cubeide_1.4.0/stm32cubeide/plugins/com.st.stm32cube.ide.mcu.externaltools.gnu-tools-for-stm32.7-2018-q2-update.win32_1.4.0.202007081208/tools/bin/../lib/gcc/arm-none-eabi/7.3.1/../../../../arm-none-eabi/lib/thumb/v7-m\libc_nano.a(lib_a-nano-mallocr.o)
                0x000000002000031c                __malloc_free_list
 .bss.__malloc_sbrk_start
                0x0000000020000320        0x4 c:/st/stm32cubeide_1.4.0/stm32cubeide/plugins/com.st.stm32cube.ide.mcu.externaltools.gnu-tools-for-stm32.7-2018-q2-update.win32_1.4.0.202007081208/tools/bin/../lib/gcc/arm-none-eabi/7.3.1/../../../../arm-none-eabi/lib/thumb/v7-m\libc_nano.a(lib_a-nano-mallocr.o)
                0x0000000020000320                __malloc_sbrk_start
 *(COMMON)
 COMMON         0x0000000020000324        0xb Core/Src/DS18B20.o
                0x0000000020000324                ROM_NO
                0x000000002000032c                LastFamilyDiscrepancy
                0x000000002000032d                LastDeviceFlag
                0x000000002000032e                LastDiscrepancy
 *fill*         0x000000002000032f        0x1 
 COMMON         0x0000000020000330      0x428 Core/Src/main.o
                0x0000000020000330                TT7
                0x000000002000033c                msg3
                0x000000002000037c                TT1
                0x0000000020000388                msg6
                0x00000000200003c8                htim4
                0x0000000020000410                TT6
                0x000000002000041c                TT8
                0x0000000020000428                msg9
                0x0000000020000468                TTv6
                0x000000002000046c                TTv3
                0x0000000020000470                msg1
                0x00000000200004b0                t2
                0x00000000200004b4                TT5
                0x00000000200004be                Dev_Cnt
                0x00000000200004c0                TTv7
                0x00000000200004c4                msg10
                0x0000000020000504                msg2
                0x0000000020000544                msg5
                0x0000000020000584                TT4
                0x0000000020000590                TT3
                0x000000002000059c                huart1
                0x00000000200005dc                flag1
                0x00000000200005e0                TTv2
                0x00000000200005e4                msg8
                0x0000000020000624                str1
                0x0000000020000660                TTv5
                0x0000000020000664                t1
                0x0000000020000668                msg7
                0x00000000200006a8                hspi1
                0x0000000020000700                msg4
                0x0000000020000740                TTv4
                0x0000000020000744                TTv1
                0x0000000020000748                TT2
                0x0000000020000754                TTv8
 COMMON         0x0000000020000758        0x4 Drivers/STM32F1xx_HAL_Driver/Src/stm32f1xx_hal.o
                0x0000000020000758                uwTick
 COMMON         0x000000002000075c       0x14 Drivers/modbus/app/user_mb_app.o
                0x000000002000075c                usSRegInBuf
 COMMON         0x0000000020000770       0x14 Drivers/modbus/mb.o
                0x0000000020000770                pxMBFrameCBTransmitterEmpty
                0x0000000020000774                pxMBPortCBTimerExpired
                0x0000000020000778                pxMBFrameCBByteReceived
                0x000000002000077c                pxMBFrameCBTransmitFSMCur
                0x0000000020000780                pxMBFrameCBReceiveFSMCur
 COMMON         0x0000000020000784        0x4 Drivers/modbus/port/portserial.o
                0x0000000020000784                uart
 COMMON         0x0000000020000788        0x4 Drivers/modbus/port/porttimer.o
                0x0000000020000788                tim
 COMMON         0x000000002000078c      0x100 Drivers/modbus/rtu/mbrtu.o
                0x000000002000078c                ucRTUBuf
 COMMON         0x000000002000088c        0x4 c:/st/stm32cubeide_1.4.0/stm32cubeide/plugins/com.st.stm32cube.ide.mcu.externaltools.gnu-tools-for-stm32.7-2018-q2-update.win32_1.4.0.202007081208/tools/bin/../lib/gcc/arm-none-eabi/7.3.1/../../../../arm-none-eabi/lib/thumb/v7-m\libc_nano.a(lib_a-reent.o)
                0x000000002000088c                errno
                0x0000000020000890                . = ALIGN (0x4)
                0x0000000020000890                _ebss = .
                0x0000000020000890                __bss_end__ = _ebss

._user_heap_stack
                0x0000000020000890     0x1a00 load address 0x000000000800b35c
                0x0000000020000890                . = ALIGN (0x8)
                [!provide]                        PROVIDE (end = .)
                0x0000000020000890                PROVIDE (_end = .)
                0x0000000020001a90                . = (. + _Min_Heap_Size)
 *fill*         0x0000000020000890     0x1200 
                0x0000000020002290                . = (. + _Min_Stack_Size)
 *fill*         0x0000000020001a90      0x800 
                0x0000000020002290                . = ALIGN (0x8)

/DISCARD/
 libc.a(*)
 libm.a(*)
 libgcc.a(*)

.ARM.attributes
                0x0000000000000000       0x29
 *(.ARM.attributes)
 .ARM.attributes
                0x0000000000000000       0x1d c:/st/stm32cubeide_1.4.0/stm32cubeide/plugins/com.st.stm32cube.ide.mcu.externaltools.gnu-tools-for-stm32.7-2018-q2-update.win32_1.4.0.202007081208/tools/bin/../lib/gcc/arm-none-eabi/7.3.1/thumb/v7-m/crti.o
 .ARM.attributes
                0x000000000000001d       0x2d c:/st/stm32cubeide_1.4.0/stm32cubeide/plugins/com.st.stm32cube.ide.mcu.externaltools.gnu-tools-for-stm32.7-2018-q2-update.win32_1.4.0.202007081208/tools/bin/../lib/gcc/arm-none-eabi/7.3.1/thumb/v7-m/crtbegin.o
 .ARM.attributes
                0x000000000000004a       0x33 Core/Src/DS18B20.o
 .ARM.attributes
                0x000000000000007d       0x33 Core/Src/RV_ST7735.o
 .ARM.attributes
                0x00000000000000b0       0x33 Core/Src/main.o
 .ARM.attributes
                0x00000000000000e3       0x33 Core/Src/stm32f1xx_hal_msp.o
 .ARM.attributes
                0x0000000000000116       0x33 Core/Src/stm32f1xx_it.o
 .ARM.attributes
                0x0000000000000149       0x33 Core/Src/sysmem.o
 .ARM.attributes
                0x000000000000017c       0x33 Core/Src/system_stm32f1xx.o
 .ARM.attributes
                0x00000000000001af       0x21 Core/Startup/startup_stm32f103xb.o
 .ARM.attributes
                0x00000000000001d0       0x33 Drivers/STM32F1xx_HAL_Driver/Src/stm32f1xx_hal.o
 .ARM.attributes
                0x0000000000000203       0x33 Drivers/STM32F1xx_HAL_Driver/Src/stm32f1xx_hal_cortex.o
 .ARM.attributes
                0x0000000000000236       0x33 Drivers/STM32F1xx_HAL_Driver/Src/stm32f1xx_hal_dma.o
 .ARM.attributes
                0x0000000000000269       0x33 Drivers/STM32F1xx_HAL_Driver/Src/stm32f1xx_hal_gpio.o
 .ARM.attributes
                0x000000000000029c       0x33 Drivers/STM32F1xx_HAL_Driver/Src/stm32f1xx_hal_rcc.o
 .ARM.attributes
                0x00000000000002cf       0x33 Drivers/STM32F1xx_HAL_Driver/Src/stm32f1xx_hal_spi.o
 .ARM.attributes
                0x0000000000000302       0x33 Drivers/STM32F1xx_HAL_Driver/Src/stm32f1xx_hal_tim.o
 .ARM.attributes
                0x0000000000000335       0x33 Drivers/STM32F1xx_HAL_Driver/Src/stm32f1xx_hal_tim_ex.o
 .ARM.attributes
                0x0000000000000368       0x33 Drivers/STM32F1xx_HAL_Driver/Src/stm32f1xx_hal_uart.o
 .ARM.attributes
                0x000000000000039b       0x33 Drivers/modbus/app/user_mb_app.o
 .ARM.attributes
                0x00000000000003ce       0x33 Drivers/modbus/functions/mbfunccoils.o
 .ARM.attributes
                0x0000000000000401       0x33 Drivers/modbus/functions/mbfuncdisc.o
 .ARM.attributes
                0x0000000000000434       0x33 Drivers/modbus/functions/mbfuncholding.o
 .ARM.attributes
                0x0000000000000467       0x33 Drivers/modbus/functions/mbfuncinput.o
 .ARM.attributes
                0x000000000000049a       0x33 Drivers/modbus/functions/mbfuncother.o
 .ARM.attributes
                0x00000000000004cd       0x33 Drivers/modbus/functions/mbutils.o
 .ARM.attributes
                0x0000000000000500       0x33 Drivers/modbus/mb.o
 .ARM.attributes
                0x0000000000000533       0x33 Drivers/modbus/port/portcritical.o
 .ARM.attributes
                0x0000000000000566       0x33 Drivers/modbus/port/portevent.o
 .ARM.attributes
                0x0000000000000599       0x33 Drivers/modbus/port/portserial.o
 .ARM.attributes
                0x00000000000005cc       0x33 Drivers/modbus/port/porttimer.o
 .ARM.attributes
                0x00000000000005ff       0x33 Drivers/modbus/rtu/mbcrc.o
 .ARM.attributes
                0x0000000000000632       0x33 Drivers/modbus/rtu/mbrtu.o
 .ARM.attributes
                0x0000000000000665       0x2d c:/st/stm32cubeide_1.4.0/stm32cubeide/plugins/com.st.stm32cube.ide.mcu.externaltools.gnu-tools-for-stm32.7-2018-q2-update.win32_1.4.0.202007081208/tools/bin/../lib/gcc/arm-none-eabi/7.3.1/../../../../arm-none-eabi/lib/thumb/v7-m\libc_nano.a(lib_a-errno.o)
 .ARM.attributes
                0x0000000000000692       0x2d c:/st/stm32cubeide_1.4.0/stm32cubeide/plugins/com.st.stm32cube.ide.mcu.externaltools.gnu-tools-for-stm32.7-2018-q2-update.win32_1.4.0.202007081208/tools/bin/../lib/gcc/arm-none-eabi/7.3.1/../../../../arm-none-eabi/lib/thumb/v7-m\libc_nano.a(lib_a-impure.o)
 .ARM.attributes
                0x00000000000006bf       0x2d c:/st/stm32cubeide_1.4.0/stm32cubeide/plugins/com.st.stm32cube.ide.mcu.externaltools.gnu-tools-for-stm32.7-2018-q2-update.win32_1.4.0.202007081208/tools/bin/../lib/gcc/arm-none-eabi/7.3.1/../../../../arm-none-eabi/lib/thumb/v7-m\libc_nano.a(lib_a-init.o)
 .ARM.attributes
                0x00000000000006ec       0x2d c:/st/stm32cubeide_1.4.0/stm32cubeide/plugins/com.st.stm32cube.ide.mcu.externaltools.gnu-tools-for-stm32.7-2018-q2-update.win32_1.4.0.202007081208/tools/bin/../lib/gcc/arm-none-eabi/7.3.1/../../../../arm-none-eabi/lib/thumb/v7-m\libc_nano.a(lib_a-memcpy-stub.o)
 .ARM.attributes
                0x0000000000000719       0x2d c:/st/stm32cubeide_1.4.0/stm32cubeide/plugins/com.st.stm32cube.ide.mcu.externaltools.gnu-tools-for-stm32.7-2018-q2-update.win32_1.4.0.202007081208/tools/bin/../lib/gcc/arm-none-eabi/7.3.1/../../../../arm-none-eabi/lib/thumb/v7-m\libc_nano.a(lib_a-memset.o)
 .ARM.attributes
                0x0000000000000746       0x2d c:/st/stm32cubeide_1.4.0/stm32cubeide/plugins/com.st.stm32cube.ide.mcu.externaltools.gnu-tools-for-stm32.7-2018-q2-update.win32_1.4.0.202007081208/tools/bin/../lib/gcc/arm-none-eabi/7.3.1/../../../../arm-none-eabi/lib/thumb/v7-m\libc_nano.a(lib_a-nano-vfprintf_float.o)
 .ARM.attributes