RV_ST7735.c:12:5:abs	16	static
RV_ST7735.c:19:6:RV_ST7735_LED_ON	8	static
RV_ST7735.c:23:6:RV_ST7735_LED_OFF	8	static
RV_ST7735.c:27:6:RV_ST7735_SEND	16	static
RV_ST7735.c:31:6:RV_ST7735_SEND_CMD	16	static
RV_ST7735.c:36:6:RV_ST7735_SEND_DATA	16	static
RV_ST7735.c:41:6:RV_ST7735_AT	24	static
RV_ST7735.c:55:6:RV_ST7735_INIT	8	static
RV_ST7735.c:85:6:RV_ST7735_FILLRECT	32	static
RV_ST7735.c:99:6:RV_ST7735_PIXEL	16	static
RV_ST7735.c:108:6:RV_ST7735_LINE	56	static
RV_ST7735.c:146:6:RV_ST7735_RECT	32	static
RV_ST7735.c:153:6:RV_ST7735_CIRCLE	48	static
RV_ST7735.c:180:6:RV_ST7735_CHAR	32	static
RV_ST7735.c:214:6:RV_ST7735_STRING	32	static
